Archive member included to satisfy reference by file (symbol)

c:/program files (x86)/atollic/truestudio for arm 6.0.0/armtools/bin/../lib/gcc/arm-atollic-eabi/5.3.1/../../../../arm-atollic-eabi/lib/armv7-m\libc.a(lib_a-init.o)
                              Drivers\CMSIS\Device\ST\STM32F1xx\Source\Templates\gcc\startup_stm32f103xe.o (__libc_init_array)
c:/program files (x86)/atollic/truestudio for arm 6.0.0/armtools/bin/../lib/gcc/arm-atollic-eabi/5.3.1/../../../../arm-atollic-eabi/lib/armv7-m\libc.a(lib_a-memset.o)
                              Drivers\STM32F1xx_HAL_Driver\Src\stm32f1xx_hal_rcc.o (memset)
c:/program files (x86)/atollic/truestudio for arm 6.0.0/armtools/bin/../lib/gcc/arm-atollic-eabi/5.3.1/../../../../arm-atollic-eabi/lib/armv7-m\libc.a(lib_a-printf.o)
                              Middlewares\ST\STM32_USB_Device_Library\Core\Src\usbd_core.o (printf)
c:/program files (x86)/atollic/truestudio for arm 6.0.0/armtools/bin/../lib/gcc/arm-atollic-eabi/5.3.1/../../../../arm-atollic-eabi/lib/armv7-m\libc.a(lib_a-putchar.o)
                              Middlewares\ST\STM32_USB_Device_Library\Core\Src\usbd_core.o (putchar)
c:/program files (x86)/atollic/truestudio for arm 6.0.0/armtools/bin/../lib/gcc/arm-atollic-eabi/5.3.1/../../../../arm-atollic-eabi/lib/armv7-m\libc.a(lib_a-sprintf.o)
                              Middlewares\ST\STM32_USB_Device_Library\Class\HID\Src\usbd_hid_cdc.o (sprintf)
c:/program files (x86)/atollic/truestudio for arm 6.0.0/armtools/bin/../lib/gcc/arm-atollic-eabi/5.3.1/../../../../arm-atollic-eabi/lib/armv7-m\libc.a(lib_a-svfprintf.o)
                              c:/program files (x86)/atollic/truestudio for arm 6.0.0/armtools/bin/../lib/gcc/arm-atollic-eabi/5.3.1/../../../../arm-atollic-eabi/lib/armv7-m\libc.a(lib_a-sprintf.o) (_svfprintf_r)
c:/program files (x86)/atollic/truestudio for arm 6.0.0/armtools/bin/../lib/gcc/arm-atollic-eabi/5.3.1/../../../../arm-atollic-eabi/lib/armv7-m\libc.a(lib_a-vfprintf.o)
                              c:/program files (x86)/atollic/truestudio for arm 6.0.0/armtools/bin/../lib/gcc/arm-atollic-eabi/5.3.1/../../../../arm-atollic-eabi/lib/armv7-m\libc.a(lib_a-printf.o) (_vfprintf_r)
c:/program files (x86)/atollic/truestudio for arm 6.0.0/armtools/bin/../lib/gcc/arm-atollic-eabi/5.3.1/../../../../arm-atollic-eabi/lib/armv7-m\libc.a(lib_a-wsetup.o)
                              c:/program files (x86)/atollic/truestudio for arm 6.0.0/armtools/bin/../lib/gcc/arm-atollic-eabi/5.3.1/../../../../arm-atollic-eabi/lib/armv7-m\libc.a(lib_a-vfprintf.o) (__swsetup_r)
c:/program files (x86)/atollic/truestudio for arm 6.0.0/armtools/bin/../lib/gcc/arm-atollic-eabi/5.3.1/../../../../arm-atollic-eabi/lib/armv7-m\libc.a(lib_a-dtoa.o)
                              c:/program files (x86)/atollic/truestudio for arm 6.0.0/armtools/bin/../lib/gcc/arm-atollic-eabi/5.3.1/../../../../arm-atollic-eabi/lib/armv7-m\libc.a(lib_a-svfprintf.o) (_dtoa_r)
c:/program files (x86)/atollic/truestudio for arm 6.0.0/armtools/bin/../lib/gcc/arm-atollic-eabi/5.3.1/../../../../arm-atollic-eabi/lib/armv7-m\libc.a(lib_a-fflush.o)
                              c:/program files (x86)/atollic/truestudio for arm 6.0.0/armtools/bin/../lib/gcc/arm-atollic-eabi/5.3.1/../../../../arm-atollic-eabi/lib/armv7-m\libc.a(lib_a-vfprintf.o) (_fflush_r)
c:/program files (x86)/atollic/truestudio for arm 6.0.0/armtools/bin/../lib/gcc/arm-atollic-eabi/5.3.1/../../../../arm-atollic-eabi/lib/armv7-m\libc.a(lib_a-findfp.o)
                              c:/program files (x86)/atollic/truestudio for arm 6.0.0/armtools/bin/../lib/gcc/arm-atollic-eabi/5.3.1/../../../../arm-atollic-eabi/lib/armv7-m\libc.a(lib_a-printf.o) (__sinit)
c:/program files (x86)/atollic/truestudio for arm 6.0.0/armtools/bin/../lib/gcc/arm-atollic-eabi/5.3.1/../../../../arm-atollic-eabi/lib/armv7-m\libc.a(lib_a-freer.o)
                              c:/program files (x86)/atollic/truestudio for arm 6.0.0/armtools/bin/../lib/gcc/arm-atollic-eabi/5.3.1/../../../../arm-atollic-eabi/lib/armv7-m\libc.a(lib_a-wsetup.o) (_free_r)
c:/program files (x86)/atollic/truestudio for arm 6.0.0/armtools/bin/../lib/gcc/arm-atollic-eabi/5.3.1/../../../../arm-atollic-eabi/lib/armv7-m\libc.a(lib_a-fwalk.o)
                              c:/program files (x86)/atollic/truestudio for arm 6.0.0/armtools/bin/../lib/gcc/arm-atollic-eabi/5.3.1/../../../../arm-atollic-eabi/lib/armv7-m\libc.a(lib_a-findfp.o) (_fwalk)
c:/program files (x86)/atollic/truestudio for arm 6.0.0/armtools/bin/../lib/gcc/arm-atollic-eabi/5.3.1/../../../../arm-atollic-eabi/lib/armv7-m\libc.a(lib_a-impure.o)
                              c:/program files (x86)/atollic/truestudio for arm 6.0.0/armtools/bin/../lib/gcc/arm-atollic-eabi/5.3.1/../../../../arm-atollic-eabi/lib/armv7-m\libc.a(lib_a-fflush.o) (_global_impure_ptr)
c:/program files (x86)/atollic/truestudio for arm 6.0.0/armtools/bin/../lib/gcc/arm-atollic-eabi/5.3.1/../../../../arm-atollic-eabi/lib/armv7-m\libc.a(lib_a-locale.o)
[...]
Memory Configuration

Name             Origin             Length             Attributes
FLASH            0x08000000         0x00080000         xr
RAM              0x20000000         0x00010000         xrw
*default*        0x00000000         0xffffffff

Linker script and memory map

LOAD c:/program files (x86)/atollic/truestudio for arm 6.0.0/armtools/bin/../lib/gcc/arm-atollic-eabi/5.3.1/armv7-m/crti.o
LOAD c:/program files (x86)/atollic/truestudio for arm 6.0.0/armtools/bin/../lib/gcc/arm-atollic-eabi/5.3.1/armv7-m/crtbegin.o
LOAD Drivers\CMSIS\Device\ST\STM32F1xx\Source\Templates\gcc\startup_stm32f103xe.o
LOAD Drivers\CMSIS\Device\ST\STM32F1xx\Source\Templates\system_stm32f1xx.o
LOAD Drivers\STM32F1xx_HAL_Driver\Src\stm32f1xx_hal.o
LOAD Drivers\STM32F1xx_HAL_Driver\Src\stm32f1xx_hal_cortex.o
LOAD Drivers\STM32F1xx_HAL_Driver\Src\stm32f1xx_hal_dma.o
LOAD Drivers\STM32F1xx_HAL_Driver\Src\stm32f1xx_hal_flash.o
LOAD Drivers\STM32F1xx_HAL_Driver\Src\stm32f1xx_hal_flash_ex.o
LOAD Drivers\STM32F1xx_HAL_Driver\Src\stm32f1xx_hal_gpio.o
LOAD Drivers\STM32F1xx_HAL_Driver\Src\stm32f1xx_hal_gpio_ex.o
LOAD Drivers\STM32F1xx_HAL_Driver\Src\stm32f1xx_hal_pcd.o
LOAD Drivers\STM32F1xx_HAL_Driver\Src\stm32f1xx_hal_pcd_ex.o
LOAD Drivers\STM32F1xx_HAL_Driver\Src\stm32f1xx_hal_pwr.o
LOAD Drivers\STM32F1xx_HAL_Driver\Src\stm32f1xx_hal_rcc.o
LOAD Drivers\STM32F1xx_HAL_Driver\Src\stm32f1xx_hal_rcc_ex.o
LOAD Drivers\STM32F1xx_HAL_Driver\Src\stm32f1xx_hal_tim.o
LOAD Drivers\STM32F1xx_HAL_Driver\Src\stm32f1xx_hal_tim_ex.o
LOAD Drivers\STM32F1xx_HAL_Driver\Src\stm32f1xx_hal_uart.o
LOAD Drivers\STM32F1xx_HAL_Driver\Src\stm32f1xx_ll_usb.o
LOAD Middlewares\ST\STM32_USB_Device_Library\Class\HID\Src\usbd_hid_cdc.o
LOAD Middlewares\ST\STM32_USB_Device_Library\Core\Src\usbd_core.o
LOAD Middlewares\ST\STM32_USB_Device_Library\Core\Src\usbd_ctlreq.o
LOAD Middlewares\ST\STM32_USB_Device_Library\Core\Src\usbd_ioreq.o
LOAD Src\main.o
LOAD Src\stm32f1xx_hal_msp.o
LOAD Src\stm32f1xx_it.o
LOAD Src\usb_device.o
LOAD Src\usbd_cdc_if.o
LOAD Src\usbd_conf.o
LOAD Src\usbd_desc.o
START GROUP
LOAD c:/program files (x86)/atollic/truestudio for arm 6.0.0/armtools/bin/../lib/gcc/arm-atollic-eabi/5.3.1/../../../../arm-atollic-eabi/lib/armv7-m\libc.a
LOAD c:/program files (x86)/atollic/truestudio for arm 6.0.0/armtools/bin/../lib/gcc/arm-atollic-eabi/5.3.1/../../../../arm-atollic-eabi/lib/armv7-m\libm.a
END GROUP
                0x00000080                malloc_getpagesize_P = 0x80
START GROUP
LOAD c:/program files (x86)/atollic/truestudio for arm 6.0.0/armtools/bin/../lib/gcc/arm-atollic-eabi/5.3.1/armv7-m\libgcc.a
LOAD c:/program files (x86)/atollic/truestudio for arm 6.0.0/armtools/bin/../lib/gcc/arm-atollic-eabi/5.3.1/../../../../arm-atollic-eabi/lib/armv7-m\libc.a
END GROUP
START GROUP
LOAD c:/program files (x86)/atollic/truestudio for arm 6.0.0/armtools/bin/../lib/gcc/arm-atollic-eabi/5.3.1/armv7-m\libgcc.a
LOAD c:/program files (x86)/atollic/truestudio for arm 6.0.0/armtools/bin/../lib/gcc/arm-atollic-eabi/5.3.1/../../../../arm-atollic-eabi/lib/armv7-m\libc.a
LOAD c:/program files (x86)/atollic/truestudio for arm 6.0.0/armtools/bin/../lib/gcc/arm-atollic-eabi/5.3.1/../../../../arm-atollic-eabi/lib/armv7-m\libnosys.a
END GROUP
LOAD c:/program files (x86)/atollic/truestudio for arm 6.0.0/armtools/bin/../lib/gcc/arm-atollic-eabi/5.3.1/armv7-m/crtend.o
LOAD c:/program files (x86)/atollic/truestudio for arm 6.0.0/armtools/bin/../lib/gcc/arm-atollic-eabi/5.3.1/armv7-m/crtn.o
                0x20010000                _estack = 0x20010000
                0x00000200                _Min_Heap_Size = 0x200
                0x00000400                _Min_Stack_Size = 0x400

.isr_vector     0x08000000      0x1e4
                0x08000000                . = ALIGN (0x4)
 *(.isr_vector)
 .isr_vector    0x08000000      0x1e4 Drivers\CMSIS\Device\ST\STM32F1xx\Source\Templates\gcc\startup_stm32f103xe.o
                0x08000000                g_pfnVectors
                0x080001e4                . = ALIGN (0x4)

.text           0x080001e8     0x8768
                0x080001e8                . = ALIGN (0x4)
 *(.text)
 .text          0x080001e8       0x40 c:/program files (x86)/atollic/truestudio for arm 6.0.0/armtools/bin/../lib/gcc/arm-atollic-eabi/5.3.1/armv7-m/crtbegin.o
 .text          0x08000228       0x10 c:/program files (x86)/atollic/truestudio for arm 6.0.0/armtools/bin/../lib/gcc/arm-atollic-eabi/5.3.1/../../../../arm-atollic-eabi/lib/armv7-m\libc.a(lib_a-strlen.o)
                0x08000228                strlen
 .text          0x08000238      0x370 c:/program files (x86)/atollic/truestudio for arm 6.0.0/armtools/bin/../lib/gcc/arm-atollic-eabi/5.3.1/armv7-m\libgcc.a(_arm_addsubdf3.o)
                0x08000238                __aeabi_drsub
                0x08000240                __aeabi_dsub
                0x08000240                __subdf3
                0x08000244                __aeabi_dadd
                0x08000244                __adddf3
                0x080004bc                __floatunsidf
                0x080004bc                __aeabi_ui2d
                0x080004dc                __floatsidf
                0x080004dc                __aeabi_i2d
                0x08000500                __aeabi_f2d
                0x08000500                __extendsfdf2
                0x0800053c                __floatundidf
                0x0800053c                __aeabi_ul2d
                0x0800054c                __floatdidf
                0x0800054c                __aeabi_l2d
 .text          0x080005a8      0x424 c:/program files (x86)/atollic/truestudio for arm 6.0.0/armtools/bin/../lib/gcc/arm-atollic-eabi/5.3.1/armv7-m\libgcc.a(_arm_muldivdf3.o)
                0x080005a8                __aeabi_dmul
                0x080005a8                __muldf3
                0x080007fc                __divdf3
                0x080007fc                __aeabi_ddiv
 .text          0x080009cc      0x110 c:/program files (x86)/atollic/truestudio for arm 6.0.0/armtools/bin/../lib/gcc/arm-atollic-eabi/5.3.1/armv7-m\libgcc.a(_arm_cmpdf2.o)
                0x080009cc                __gtdf2
                0x080009cc                __gedf2
                0x080009d4                __ltdf2
                0x080009d4                __ledf2
                0x080009dc                __nedf2
                0x080009dc                __eqdf2
                0x080009dc                __cmpdf2
                0x08000a58                __aeabi_cdrcmple
                0x08000a68                __aeabi_cdcmpeq
                0x08000a68                __aeabi_cdcmple
                0x08000a78                __aeabi_dcmpeq
                0x08000a8c                __aeabi_dcmplt
                0x08000aa0                __aeabi_dcmple
                0x08000ab4                __aeabi_dcmpge
                0x08000ac8                __aeabi_dcmpgt
 .text          0x08000adc       0x2c c:/program files (x86)/atollic/truestudio for arm 6.0.0/armtools/bin/../lib/gcc/arm-atollic-eabi/5.3.1/armv7-m\libgcc.a(_arm_unorddf2.o)
                0x08000adc                __unorddf2
                0x08000adc                __aeabi_dcmpun
 .text          0x08000b08       0x50 c:/program files (x86)/atollic/truestudio for arm 6.0.0/armtools/bin/../lib/gcc/arm-atollic-eabi/5.3.1/armv7-m\libgcc.a(_arm_fixdfsi.o)
                0x08000b08                __aeabi_d2iz
                0x08000b08                __fixdfsi
 .text          0x08000b58       0x30 c:/program files (x86)/atollic/truestudio for arm 6.0.0/armtools/bin/../lib/gcc/arm-atollic-eabi/5.3.1/armv7-m\libgcc.a(_aeabi_uldivmod.o)
                0x08000b58                __aeabi_uldivmod
 .text          0x08000b88      0x2ec c:/program files (x86)/atollic/truestudio for arm 6.0.0/armtools/bin/../lib/gcc/arm-atollic-eabi/5.3.1/armv7-m\libgcc.a(_udivmoddi4.o)
                0x08000b88                __udivmoddi4
 .text          0x08000e74        0x4 c:/program files (x86)/atollic/truestudio for arm 6.0.0/armtools/bin/../lib/gcc/arm-atollic-eabi/5.3.1/armv7-m\libgcc.a(_dvmd_tls.o)
                0x08000e74                __aeabi_idiv0
                0x08000e74                __aeabi_ldiv0
 *(.text*)
 .text.Reset_Handler
                0x08000e78       0x48 Drivers\CMSIS\Device\ST\STM32F1xx\Source\Templates\gcc\startup_stm32f103xe.o
                0x08000e78                Reset_Handler
 .text.Default_Handler
                0x08000ec0        0x2 Drivers\CMSIS\Device\ST\STM32F1xx\Source\Templates\gcc\startup_stm32f103xe.o
                0x08000ec0                RTC_Alarm_IRQHandler
                0x08000ec0                EXTI2_IRQHandler
                0x08000ec0                TIM8_TRG_COM_IRQHandler
                0x08000ec0                TIM8_CC_IRQHandler
                0x08000ec0                TIM1_CC_IRQHandler
                0x08000ec0                TIM6_IRQHandler
                0x08000ec0                PVD_IRQHandler
                0x08000ec0                SDIO_IRQHandler
                0x08000ec0                EXTI3_IRQHandler
                0x08000ec0                EXTI0_IRQHandler
                0x08000ec0                I2C2_EV_IRQHandler
                0x08000ec0                ADC1_2_IRQHandler
                0x08000ec0                SPI1_IRQHandler
                0x08000ec0                TAMPER_IRQHandler
                0x08000ec0                TIM8_UP_IRQHandler
                0x08000ec0                DMA2_Channel2_IRQHandler
                0x08000ec0                DMA1_Channel4_IRQHandler
                0x08000ec0                USART3_IRQHandler
                0x08000ec0                RTC_IRQHandler
                0x08000ec0                DMA1_Channel7_IRQHandler
                0x08000ec0                CAN1_RX1_IRQHandler
                0x08000ec0                UART5_IRQHandler
                0x08000ec0                ADC3_IRQHandler
                0x08000ec0                TIM4_IRQHandler
                0x08000ec0                DMA2_Channel1_IRQHandler
                0x08000ec0                I2C1_EV_IRQHandler
                0x08000ec0                DMA1_Channel6_IRQHandler
                0x08000ec0                UART4_IRQHandler
                0x08000ec0                TIM3_IRQHandler
                0x08000ec0                RCC_IRQHandler
                0x08000ec0                TIM1_TRG_COM_IRQHandler
                0x08000ec0                DMA1_Channel1_IRQHandler
                0x08000ec0                Default_Handler
                0x08000ec0                EXTI15_10_IRQHandler
                0x08000ec0                TIM7_IRQHandler
                0x08000ec0                TIM5_IRQHandler
                0x08000ec0                EXTI9_5_IRQHandler
                0x08000ec0                SPI2_IRQHandler
                0x08000ec0                DMA1_Channel5_IRQHandler
                0x08000ec0                EXTI4_IRQHandler
                0x08000ec0                USB_HP_CAN1_TX_IRQHandler
                0x08000ec0                DMA1_Channel3_IRQHandler
                0x08000ec0                FSMC_IRQHandler
                0x08000ec0                TIM1_UP_IRQHandler
                0x08000ec0                WWDG_IRQHandler
                0x08000ec0                TIM2_IRQHandler
                0x08000ec0                TIM1_BRK_IRQHandler
                0x08000ec0                EXTI1_IRQHandler
                0x08000ec0                DMA2_Channel4_5_IRQHandler
                0x08000ec0                USART2_IRQHandler
                0x08000ec0                I2C2_ER_IRQHandler
                0x08000ec0                DMA1_Channel2_IRQHandler
                0x08000ec0                TIM8_BRK_IRQHandler
                0x08000ec0                CAN1_SCE_IRQHandler
                0x08000ec0                FLASH_IRQHandler
                0x08000ec0                SPI3_IRQHandler
                0x08000ec0                I2C1_ER_IRQHandler
                0x08000ec0                USBWakeUp_IRQHandler
                0x08000ec0                DMA2_Channel3_IRQHandler
 *fill*         0x08000ec2        0x2 
 .text.SystemInit
                0x08000ec4       0x4c Drivers\CMSIS\Device\ST\STM32F1xx\Source\Templates\system_stm32f1xx.o
                0x08000ec4                SystemInit
 .text.HAL_InitTick
                0x08000f10       0x24 Drivers\STM32F1xx_HAL_Driver\Src\stm32f1xx_hal.o
                0x08000f10                HAL_InitTick
 .text.HAL_Init
                0x08000f34       0x24 Drivers\STM32F1xx_HAL_Driver\Src\stm32f1xx_hal.o
                0x08000f34                HAL_Init
 .text.HAL_IncTick
                0x08000f58       0x10 Drivers\STM32F1xx_HAL_Driver\Src\stm32f1xx_hal.o
                0x08000f58                HAL_IncTick
 .text.HAL_GetTick
                0x08000f68        0xc Drivers\STM32F1xx_HAL_Driver\Src\stm32f1xx_hal.o
                0x08000f68                HAL_GetTick
 .text.HAL_Delay
                0x08000f74       0x1a Drivers\STM32F1xx_HAL_Driver\Src\stm32f1xx_hal.o
                0x08000f74                HAL_Delay
 *fill*         0x08000f8e        0x2 
 .text.HAL_NVIC_SetPriorityGrouping
                0x08000f90       0x24 Drivers\STM32F1xx_HAL_Driver\Src\stm32f1xx_hal_cortex.o
                0x08000f90                HAL_NVIC_SetPriorityGrouping
 .text.HAL_NVIC_SetPriority
                0x08000fb4       0x68 Drivers\STM32F1xx_HAL_Driver\Src\stm32f1xx_hal_cortex.o
                0x08000fb4                HAL_NVIC_SetPriority
 .text.HAL_NVIC_EnableIRQ
                0x0800101c       0x18 Drivers\STM32F1xx_HAL_Driver\Src\stm32f1xx_hal_cortex.o
                0x0800101c                HAL_NVIC_EnableIRQ
 .text.HAL_SYSTICK_Config
                0x08001034       0x2c Drivers\STM32F1xx_HAL_Driver\Src\stm32f1xx_hal_cortex.o
                0x08001034                HAL_SYSTICK_Config
 .text.HAL_SYSTICK_CLKSourceConfig
                0x08001060       0x18 Drivers\STM32F1xx_HAL_Driver\Src\stm32f1xx_hal_cortex.o
                0x08001060                HAL_SYSTICK_CLKSourceConfig
 .text.HAL_SYSTICK_Callback
                0x08001078        0x2 Drivers\STM32F1xx_HAL_Driver\Src\stm32f1xx_hal_cortex.o
                0x08001078                HAL_SYSTICK_Callback
 .text.HAL_SYSTICK_IRQHandler
                0x0800107a        0x8 Drivers\STM32F1xx_HAL_Driver\Src\stm32f1xx_hal_cortex.o
                0x0800107a                HAL_SYSTICK_IRQHandler
 *fill*         0x08001082        0x2 
 .text.HAL_GPIO_Init
                0x08001084      0x1cc Drivers\STM32F1xx_HAL_Driver\Src\stm32f1xx_hal_gpio.o
                0x08001084                HAL_GPIO_Init
 .text.HAL_GPIO_WritePin
                0x08001250        0x8 Drivers\STM32F1xx_HAL_Driver\Src\stm32f1xx_hal_gpio.o
                0x08001250                HAL_GPIO_WritePin
 .text.HAL_GPIO_TogglePin
                0x08001258        0x8 Drivers\STM32F1xx_HAL_Driver\Src\stm32f1xx_hal_gpio.o
                0x08001258                HAL_GPIO_TogglePin
 .text.HAL_PCD_Init
                0x08001260       0xd4 Drivers\STM32F1xx_HAL_Driver\Src\stm32f1xx_hal_pcd.o
                0x08001260                HAL_PCD_Init
 .text.HAL_PCD_Start
                0x08001334       0x2e Drivers\STM32F1xx_HAL_Driver\Src\stm32f1xx_hal_pcd.o
                0x08001334                HAL_PCD_Start
 .text.HAL_PCD_SetAddress
                0x08001362       0x28 Drivers\STM32F1xx_HAL_Driver\Src\stm32f1xx_hal_pcd.o
                0x08001362                HAL_PCD_SetAddress
 .text.HAL_PCD_EP_Open
                0x0800138a       0x46 Drivers\STM32F1xx_HAL_Driver\Src\stm32f1xx_hal_pcd.o
                0x0800138a                HAL_PCD_EP_Open
 .text.HAL_PCD_EP_Close
                0x080013d0       0x42 Drivers\STM32F1xx_HAL_Driver\Src\stm32f1xx_hal_pcd.o
                0x080013d0                HAL_PCD_EP_Close
 .text.HAL_PCD_EP_Receive
                0x08001412       0x48 Drivers\STM32F1xx_HAL_Driver\Src\stm32f1xx_hal_pcd.o
                0x08001412                HAL_PCD_EP_Receive
 .text.HAL_PCD_EP_GetRxCount
                0x0800145a        0xe Drivers\STM32F1xx_HAL_Driver\Src\stm32f1xx_hal_pcd.o
                0x0800145a                HAL_PCD_EP_GetRxCount
 .text.HAL_PCD_EP_Transmit
                0x08001468       0x40 Drivers\STM32F1xx_HAL_Driver\Src\stm32f1xx_hal_pcd.o
                0x08001468                HAL_PCD_EP_Transmit
 .text.HAL_PCD_IRQHandler
                0x080014a8      0x4d0 Drivers\STM32F1xx_HAL_Driver\Src\stm32f1xx_hal_pcd.o
                0x080014a8                HAL_PCD_IRQHandler
 .text.HAL_PCD_EP_SetStall
                0x08001978       0x52 Drivers\STM32F1xx_HAL_Driver\Src\stm32f1xx_hal_pcd.o
                0x08001978                HAL_PCD_EP_SetStall
 .text.HAL_PCD_EP_ClrStall
                0x080019ca       0x46 Drivers\STM32F1xx_HAL_Driver\Src\stm32f1xx_hal_pcd.o
                0x080019ca                HAL_PCD_EP_ClrStall
 .text.HAL_PCDEx_PMAConfig
                0x08001a10       0x30 Drivers\STM32F1xx_HAL_Driver\Src\stm32f1xx_hal_pcd_ex.o
                0x08001a10                HAL_PCDEx_PMAConfig
 .text.HAL_RCC_OscConfig
                0x08001a40      0x4c0 Drivers\STM32F1xx_HAL_Driver\Src\stm32f1xx_hal_rcc.o
                0x08001a40                HAL_RCC_OscConfig
 .text.HAL_RCC_GetSysClockFreq
                0x08001f00       0x90 Drivers\STM32F1xx_HAL_Driver\Src\stm32f1xx_hal_rcc.o
                0x08001f00                HAL_RCC_GetSysClockFreq
 .text.HAL_RCC_ClockConfig
                0x08001f90      0x164 Drivers\STM32F1xx_HAL_Driver\Src\stm32f1xx_hal_rcc.o
                0x08001f90                HAL_RCC_ClockConfig
 .text.HAL_RCC_GetHCLKFreq
                0x080020f4        0xc Drivers\STM32F1xx_HAL_Driver\Src\stm32f1xx_hal_rcc.o
                0x080020f4                HAL_RCC_GetHCLKFreq
 .text.HAL_RCC_GetPCLK1Freq
                0x08002100       0x30 Drivers\STM32F1xx_HAL_Driver\Src\stm32f1xx_hal_rcc.o
                0x08002100                HAL_RCC_GetPCLK1Freq
 .text.HAL_RCC_GetPCLK2Freq
                0x08002130       0x30 Drivers\STM32F1xx_HAL_Driver\Src\stm32f1xx_hal_rcc.o
                0x08002130                HAL_RCC_GetPCLK2Freq
 .text.HAL_RCCEx_PeriphCLKConfig
                0x08002160      0x114 Drivers\STM32F1xx_HAL_Driver\Src\stm32f1xx_hal_rcc_ex.o
                0x08002160                HAL_RCCEx_PeriphCLKConfig
 .text.UART_SetConfig
                0x08002274      0x134 Drivers\STM32F1xx_HAL_Driver\Src\stm32f1xx_hal_uart.o
 .text.UART_WaitOnFlagUntilTimeout.constprop.1
                0x080023a8       0x60 Drivers\STM32F1xx_HAL_Driver\Src\stm32f1xx_hal_uart.o
 .text.HAL_UART_Init
                0x08002408       0x58 Drivers\STM32F1xx_HAL_Driver\Src\stm32f1xx_hal_uart.o
                0x08002408                HAL_UART_Init
 .text.HAL_UART_Transmit
                0x08002460       0xb8 Drivers\STM32F1xx_HAL_Driver\Src\stm32f1xx_hal_uart.o
                0x08002460                HAL_UART_Transmit
 .text.HAL_UART_Transmit_IT
                0x08002518       0x54 Drivers\STM32F1xx_HAL_Driver\Src\stm32f1xx_hal_uart.o
                0x08002518                HAL_UART_Transmit_IT
 .text.HAL_UART_Receive_IT
                0x0800256c       0x64 Drivers\STM32F1xx_HAL_Driver\Src\stm32f1xx_hal_uart.o
                0x0800256c                HAL_UART_Receive_IT
 .text.HAL_UART_TxCpltCallback
                0x080025d0        0x2 Drivers\STM32F1xx_HAL_Driver\Src\stm32f1xx_hal_uart.o
                0x080025d0                HAL_UART_TxCpltCallback
 .text.HAL_UART_ErrorCallback
                0x080025d2        0x2 Drivers\STM32F1xx_HAL_Driver\Src\stm32f1xx_hal_uart.o
                0x080025d2                HAL_UART_ErrorCallback
 .text.HAL_UART_IRQHandler
                0x080025d4      0x184 Drivers\STM32F1xx_HAL_Driver\Src\stm32f1xx_hal_uart.o
                0x080025d4                HAL_UART_IRQHandler
 .text.USB_CoreInit
                0x08002758        0xe Drivers\STM32F1xx_HAL_Driver\Src\stm32f1xx_ll_usb.o
                0x08002758                USB_CoreInit
 .text.USB_EnableGlobalInt
                0x08002766       0x12 Drivers\STM32F1xx_HAL_Driver\Src\stm32f1xx_ll_usb.o
                0x08002766                USB_EnableGlobalInt
 .text.USB_DisableGlobalInt
                0x08002778       0x14 Drivers\STM32F1xx_HAL_Driver\Src\stm32f1xx_ll_usb.o
                0x08002778                USB_DisableGlobalInt
 .text.USB_SetCurrentMode
                0x0800278c        0x4 Drivers\STM32F1xx_HAL_Driver\Src\stm32f1xx_ll_usb.o
                0x0800278c                USB_SetCurrentMode
 .text.USB_DevInit
                0x08002790       0x28 Drivers\STM32F1xx_HAL_Driver\Src\stm32f1xx_ll_usb.o
                0x08002790                USB_DevInit
 .text.USB_ActivateEndpoint
                0x080027b8      0x2e4 Drivers\STM32F1xx_HAL_Driver\Src\stm32f1xx_ll_usb.o
                0x080027b8                USB_ActivateEndpoint
 .text.USB_DeactivateEndpoint
                0x08002a9c      0x170 Drivers\STM32F1xx_HAL_Driver\Src\stm32f1xx_ll_usb.o
                0x08002a9c                USB_DeactivateEndpoint
 .text.USB_EPSetStall
                0x08002c0c       0x62 Drivers\STM32F1xx_HAL_Driver\Src\stm32f1xx_ll_usb.o
                0x08002c0c                USB_EPSetStall
 .text.USB_EPClearStall
                0x08002c6e       0x84 Drivers\STM32F1xx_HAL_Driver\Src\stm32f1xx_ll_usb.o
                0x08002c6e                USB_EPClearStall
 .text.USB_SetDevAddress
                0x08002cf2        0xc Drivers\STM32F1xx_HAL_Driver\Src\stm32f1xx_ll_usb.o
                0x08002cf2                USB_SetDevAddress
 .text.USB_DevConnect
                0x08002cfe        0x4 Drivers\STM32F1xx_HAL_Driver\Src\stm32f1xx_ll_usb.o
                0x08002cfe                USB_DevConnect
 .text.USB_DevDisconnect
                0x08002d02        0x4 Drivers\STM32F1xx_HAL_Driver\Src\stm32f1xx_ll_usb.o
                0x08002d02                USB_DevDisconnect
 .text.USB_ReadInterrupts
                0x08002d06        0x8 Drivers\STM32F1xx_HAL_Driver\Src\stm32f1xx_ll_usb.o
                0x08002d06                USB_ReadInterrupts
 .text.USB_EP0_OutStart
                0x08002d0e        0x4 Drivers\STM32F1xx_HAL_Driver\Src\stm32f1xx_ll_usb.o
                0x08002d0e                USB_EP0_OutStart
 .text.USB_WritePMA
                0x08002d12       0x22 Drivers\STM32F1xx_HAL_Driver\Src\stm32f1xx_ll_usb.o
                0x08002d12                USB_WritePMA
 .text.USB_EPStartXfer
                0x08002d34      0x1a0 Drivers\STM32F1xx_HAL_Driver\Src\stm32f1xx_ll_usb.o
                0x08002d34                USB_EPStartXfer
 .text.USB_ReadPMA
                0x08002ed4       0x22 Drivers\STM32F1xx_HAL_Driver\Src\stm32f1xx_ll_usb.o
                0x08002ed4                USB_ReadPMA
 *fill*         0x08002ef6        0x2 
 .text.USBD_HID_CDC_GetCfgDesc
                0x08002ef8        0xc Middlewares\ST\STM32_USB_Device_Library\Class\HID\Src\usbd_hid_cdc.o
 .text.USBD_HID_CDC_DataIn
                0x08002f04       0x18 Middlewares\ST\STM32_USB_Device_Library\Class\HID\Src\usbd_hid_cdc.o
 .text.USBD_HID_CDC_GetDeviceQualifierDesc
                0x08002f1c        0xc Middlewares\ST\STM32_USB_Device_Library\Class\HID\Src\usbd_hid_cdc.o
 .text.USBD_HID_CDC_DataOut
                0x08002f28       0x2a Middlewares\ST\STM32_USB_Device_Library\Class\HID\Src\usbd_hid_cdc.o
 *fill*         0x08002f52        0x2 
 .text.USBD_HID_CDC_Setup
                0x08002f54      0x15c Middlewares\ST\STM32_USB_Device_Library\Class\HID\Src\usbd_hid_cdc.o
 .text.USBD_HID_CDC_DeInit
                0x080030b0       0x4a Middlewares\ST\STM32_USB_Device_Library\Class\HID\Src\usbd_hid_cdc.o
 .text.USBD_HID_CDC_Init
                0x080030fa       0x84 Middlewares\ST\STM32_USB_Device_Library\Class\HID\Src\usbd_hid_cdc.o
 .text.USBD_HID_SendReport
                0x0800317e       0x24 Middlewares\ST\STM32_USB_Device_Library\Class\HID\Src\usbd_hid_cdc.o
                0x0800317e                USBD_HID_SendReport
 .text.USBD_CDC_RegisterInterface
                0x080031a2        0xe Middlewares\ST\STM32_USB_Device_Library\Class\HID\Src\usbd_hid_cdc.o
                0x080031a2                USBD_CDC_RegisterInterface
 .text.USBD_CDC_SetTxBuffer
                0x080031b0        0xc Middlewares\ST\STM32_USB_Device_Library\Class\HID\Src\usbd_hid_cdc.o
                0x080031b0                USBD_CDC_SetTxBuffer
 .text.USBD_CDC_SetRxBuffer
                0x080031bc        0xa Middlewares\ST\STM32_USB_Device_Library\Class\HID\Src\usbd_hid_cdc.o
                0x080031bc                USBD_CDC_SetRxBuffer
 .text.USBD_CDC_ReceivePacket
                0x080031c6       0x1a Middlewares\ST\STM32_USB_Device_Library\Class\HID\Src\usbd_hid_cdc.o
                0x080031c6                USBD_CDC_ReceivePacket
 .text.USBD_Init
                0x080031e0       0x44 Middlewares\ST\STM32_USB_Device_Library\Core\Src\usbd_core.o
                0x080031e0                USBD_Init
 .text.USBD_RegisterClass
                0x08003224       0x2c Middlewares\ST\STM32_USB_Device_Library\Core\Src\usbd_core.o
                0x08003224                USBD_RegisterClass
 .text.USBD_Start
                0x08003250        0xa Middlewares\ST\STM32_USB_Device_Library\Core\Src\usbd_core.o
                0x08003250                USBD_Start
 .text.USBD_SetClassConfig
                0x0800325a       0x16 Middlewares\ST\STM32_USB_Device_Library\Core\Src\usbd_core.o
                0x0800325a                USBD_SetClassConfig
 .text.USBD_ClrClassConfig
                0x08003270        0xe Middlewares\ST\STM32_USB_Device_Library\Core\Src\usbd_core.o
                0x08003270                USBD_ClrClassConfig
 .text.USBD_LL_SetupStage
                0x0800327e       0x5a Middlewares\ST\STM32_USB_Device_Library\Core\Src\usbd_core.o
                0x0800327e                USBD_LL_SetupStage
 .text.USBD_LL_DataOutStage
                0x080032d8       0x62 Middlewares\ST\STM32_USB_Device_Library\Core\Src\usbd_core.o
                0x080032d8                USBD_LL_DataOutStage
 .text.USBD_LL_DataInStage
                0x0800333a       0x9c Middlewares\ST\STM32_USB_Device_Library\Core\Src\usbd_core.o
                0x0800333a                USBD_LL_DataInStage
 .text.USBD_LL_Reset
                0x080033d6       0x3e Middlewares\ST\STM32_USB_Device_Library\Core\Src\usbd_core.o
                0x080033d6                USBD_LL_Reset
 .text.USBD_LL_SetSpeed
                0x08003414        0x6 Middlewares\ST\STM32_USB_Device_Library\Core\Src\usbd_core.o
                0x08003414                USBD_LL_SetSpeed
 .text.USBD_LL_Suspend
                0x0800341a       0x12 Middlewares\ST\STM32_USB_Device_Library\Core\Src\usbd_core.o
                0x0800341a                USBD_LL_Suspend
 .text.USBD_LL_Resume
                0x0800342c        0xc Middlewares\ST\STM32_USB_Device_Library\Core\Src\usbd_core.o
                0x0800342c                USBD_LL_Resume
 .text.USBD_LL_SOF
                0x08003438       0x18 Middlewares\ST\STM32_USB_Device_Library\Core\Src\usbd_core.o
                0x08003438                USBD_LL_SOF
 .text.USBD_ParseSetupRequest
                0x08003450       0x28 Middlewares\ST\STM32_USB_Device_Library\Core\Src\usbd_ctlreq.o
                0x08003450                USBD_ParseSetupRequest
 .text.USBD_CtlError
                0x08003478       0x16 Middlewares\ST\STM32_USB_Device_Library\Core\Src\usbd_ctlreq.o
                0x08003478                USBD_CtlError
 *fill*         0x0800348e        0x2 
 .text.USBD_StdDevReq
                0x08003490      0x220 Middlewares\ST\STM32_USB_Device_Library\Core\Src\usbd_ctlreq.o
                0x08003490                USBD_StdDevReq
 .text.USBD_StdItfReq
                0x080036b0       0x30 Middlewares\ST\STM32_USB_Device_Library\Core\Src\usbd_ctlreq.o
                0x080036b0                USBD_StdItfReq
 .text.USBD_StdEPReq
                0x080036e0       0xc6 Middlewares\ST\STM32_USB_Device_Library\Core\Src\usbd_ctlreq.o
                0x080036e0                USBD_StdEPReq
 .text.USBD_GetString
                0x080037a6       0x38 Middlewares\ST\STM32_USB_Device_Library\Core\Src\usbd_ctlreq.o
                0x080037a6                USBD_GetString
 .text.USBD_CtlSendData
                0x080037de       0x1a Middlewares\ST\STM32_USB_Device_Library\Core\Src\usbd_ioreq.o
                0x080037de                USBD_CtlSendData
 .text.USBD_CtlContinueSendData
                0x080037f8       0x10 Middlewares\ST\STM32_USB_Device_Library\Core\Src\usbd_ioreq.o
                0x080037f8                USBD_CtlContinueSendData
 .text.USBD_CtlPrepareRx
                0x08003808       0x1e Middlewares\ST\STM32_USB_Device_Library\Core\Src\usbd_ioreq.o
                0x08003808                USBD_CtlPrepareRx
 .text.USBD_CtlContinueRx
                0x08003826       0x10 Middlewares\ST\STM32_USB_Device_Library\Core\Src\usbd_ioreq.o
                0x08003826                USBD_CtlContinueRx
 .text.USBD_CtlSendStatus
                0x08003836       0x16 Middlewares\ST\STM32_USB_Device_Library\Core\Src\usbd_ioreq.o
                0x08003836                USBD_CtlSendStatus
 .text.USBD_CtlReceiveStatus
                0x0800384c       0x16 Middlewares\ST\STM32_USB_Device_Library\Core\Src\usbd_ioreq.o
                0x0800384c                USBD_CtlReceiveStatus
 .text.SystemClock_Config
                0x08003862       0x7c Src\main.o
                0x08003862                SystemClock_Config
 *fill*         0x080038de        0x2 
 .text.startup.main
                0x080038e0      0x13c Src\main.o
                0x080038e0                main
 .text.HAL_UART_RxCpltCallback
                0x08003a1c        0x2 Src\main.o
                0x08003a1c                HAL_UART_RxCpltCallback
 *fill*         0x08003a1e        0x2 
 .text.utx      0x08003a20       0x14 Src\main.o
                0x08003a20                utx
 .text.Error_Handler
                0x08003a34        0x2 Src\main.o
                0x08003a34                Error_Handler
 *fill*         0x08003a36        0x2 
 .text.HAL_MspInit
                0x08003a38       0x8c Src\stm32f1xx_hal_msp.o
                0x08003a38                HAL_MspInit
 .text.HAL_UART_MspInit
                0x08003ac4       0x68 Src\stm32f1xx_hal_msp.o
                0x08003ac4                HAL_UART_MspInit
 .text.NMI_Handler
                0x08003b2c        0x2 Src\stm32f1xx_it.o
                0x08003b2c                NMI_Handler
 .text.HardFault_Handler
                0x08003b2e        0x2 Src\stm32f1xx_it.o
                0x08003b2e                HardFault_Handler
 .text.MemManage_Handler
                0x08003b30        0x2 Src\stm32f1xx_it.o
                0x08003b30                MemManage_Handler
 .text.BusFault_Handler
                0x08003b32        0x2 Src\stm32f1xx_it.o
                0x08003b32                BusFault_Handler
 .text.UsageFault_Handler
                0x08003b34        0x2 Src\stm32f1xx_it.o
                0x08003b34                UsageFault_Handler
 .text.SVC_Handler
                0x08003b36        0x2 Src\stm32f1xx_it.o
                0x08003b36                SVC_Handler
 .text.DebugMon_Handler
                0x08003b38        0x2 Src\stm32f1xx_it.o
                0x08003b38                DebugMon_Handler
 .text.PendSV_Handler
                0x08003b3a        0x2 Src\stm32f1xx_it.o
                0x08003b3a                PendSV_Handler
 .text.SysTick_Handler
                0x08003b3c        0xe Src\stm32f1xx_it.o
                0x08003b3c                SysTick_Handler
 *fill*         0x08003b4a        0x2 
 .text.USB_LP_CAN1_RX0_IRQHandler
                0x08003b4c        0xc Src\stm32f1xx_it.o
                0x08003b4c                USB_LP_CAN1_RX0_IRQHandler
 .text.USART1_IRQHandler
                0x08003b58        0xc Src\stm32f1xx_it.o
                0x08003b58                USART1_IRQHandler
 .text.MX_USB_DEVICE_Init
                0x08003b64       0x38 Src\usb_device.o
                0x08003b64                MX_USB_DEVICE_Init
 .text.CDC_DeInit_FS
                0x08003b9c        0x4 Src\usbd_cdc_if.o
 .text.CDC_Control_FS
                0x08003ba0        0x4 Src\usbd_cdc_if.o
 .text.CDC_Receive_FS
                0x08003ba4       0x1c Src\usbd_cdc_if.o
 .text.CDC_Init_FS
                0x08003bc0       0x28 Src\usbd_cdc_if.o
 .text.HAL_PCD_MspInit
                0x08003be8       0x3c Src\usbd_conf.o
                0x08003be8                HAL_PCD_MspInit
 .text.HAL_PCD_SetupStageCallback
                0x08003c24        0xc Src\usbd_conf.o
                0x08003c24                HAL_PCD_SetupStageCallback
 .text.HAL_PCD_DataOutStageCallback
                0x08003c30       0x10 Src\usbd_conf.o
                0x08003c30                HAL_PCD_DataOutStageCallback
 .text.HAL_PCD_DataInStageCallback
                0x08003c40        0xe Src\usbd_conf.o
                0x08003c40                HAL_PCD_DataInStageCallback
 .text.HAL_PCD_SOFCallback
                0x08003c4e        0x8 Src\usbd_conf.o
                0x08003c4e                HAL_PCD_SOFCallback
 .text.HAL_PCD_ResetCallback
                0x08003c56       0x1a Src\usbd_conf.o
                0x08003c56                HAL_PCD_ResetCallback
 .text.HAL_PCD_SuspendCallback
                0x08003c70       0x20 Src\usbd_conf.o
                0x08003c70                HAL_PCD_SuspendCallback
 .text.HAL_PCD_ResumeCallback
                0x08003c90        0x8 Src\usbd_conf.o
                0x08003c90                HAL_PCD_ResumeCallback
 .text.USBD_LL_Init
                0x08003c98       0x84 Src\usbd_conf.o
                0x08003c98                USBD_LL_Init
 .text.USBD_LL_Start
                0x08003d1c        0xe Src\usbd_conf.o
                0x08003d1c                USBD_LL_Start
 .text.USBD_LL_OpenEP
                0x08003d2a       0x14 Src\usbd_conf.o
                0x08003d2a                USBD_LL_OpenEP
 .text.USBD_LL_CloseEP
                0x08003d3e        0xe Src\usbd_conf.o
                0x08003d3e                USBD_LL_CloseEP
 .text.USBD_LL_StallEP
                0x08003d4c        0xe Src\usbd_conf.o
                0x08003d4c                USBD_LL_StallEP
 .text.USBD_LL_ClearStallEP
                0x08003d5a        0xe Src\usbd_conf.o
                0x08003d5a                USBD_LL_ClearStallEP
 .text.USBD_LL_IsStallEP
                0x08003d68       0x20 Src\usbd_conf.o
                0x08003d68                USBD_LL_IsStallEP
 .text.USBD_LL_SetUSBAddress
                0x08003d88        0xe Src\usbd_conf.o
                0x08003d88                USBD_LL_SetUSBAddress
 .text.USBD_LL_Transmit
                0x08003d96        0xe Src\usbd_conf.o
                0x08003d96                USBD_LL_Transmit
 .text.USBD_LL_PrepareReceive
                0x08003da4        0xe Src\usbd_conf.o
                0x08003da4                USBD_LL_PrepareReceive
 .text.USBD_LL_GetRxDataSize
                0x08003db2        0xc Src\usbd_conf.o
                0x08003db2                USBD_LL_GetRxDataSize
 *fill*         0x08003dbe        0x2 
 .text.USBD_static_malloc
                0x08003dc0        0x8 Src\usbd_conf.o
                0x08003dc0                USBD_static_malloc
 .text.USBD_static_free
                0x08003dc8        0x2 Src\usbd_conf.o
                0x08003dc8                USBD_static_free
 .text.HAL_PCDEx_SetConnectionState
                0x08003dca        0x2 Src\usbd_conf.o
                0x08003dca                HAL_PCDEx_SetConnectionState
 .text.USBD_FS_DeviceDescriptor
                0x08003dcc        0xc Src\usbd_desc.o
                0x08003dcc                USBD_FS_DeviceDescriptor
 .text.USBD_FS_LangIDStrDescriptor
                0x08003dd8        0xc Src\usbd_desc.o
                0x08003dd8                USBD_FS_LangIDStrDescriptor
 .text.USBD_FS_ManufacturerStrDescriptor
                0x08003de4       0x1c Src\usbd_desc.o
                0x08003de4                USBD_FS_ManufacturerStrDescriptor
 .text.USBD_FS_ProductStrDescriptor
                0x08003e00       0x1c Src\usbd_desc.o
                0x08003e00                USBD_FS_ProductStrDescriptor
 .text.USBD_FS_SerialStrDescriptor
                0x08003e1c       0x1c Src\usbd_desc.o
                0x08003e1c                USBD_FS_SerialStrDescriptor
 .text.USBD_FS_ConfigStrDescriptor
                0x08003e38       0x1c Src\usbd_desc.o
                0x08003e38                USBD_FS_ConfigStrDescriptor
 .text.USBD_FS_InterfaceStrDescriptor
                0x08003e54       0x1c Src\usbd_desc.o
                0x08003e54                USBD_FS_InterfaceStrDescriptor
 .text.__libc_init_array
                0x08003e70       0x4c c:/program files (x86)/atollic/truestudio for arm 6.0.0/armtools/bin/../lib/gcc/arm-atollic-eabi/5.3.1/../../../../arm-atollic-eabi/lib/armv7-m\libc.a(lib_a-init.o)
                0x08003e70                __libc_init_array
 .text.memset   0x08003ebc       0x10 c:/program files (x86)/atollic/truestudio for arm 6.0.0/armtools/bin/../lib/gcc/arm-atollic-eabi/5.3.1/../../../../arm-atollic-eabi/lib/armv7-m\libc.a(lib_a-memset.o)
                0x08003ebc                memset
 .text.printf   0x08003ecc       0x30 c:/program files (x86)/atollic/truestudio for arm 6.0.0/armtools/bin/../lib/gcc/arm-atollic-eabi/5.3.1/../../../../arm-atollic-eabi/lib/armv7-m\libc.a(lib_a-printf.o)
                0x08003ecc                printf
 .text.putchar  0x08003efc       0x28 c:/program files (x86)/atollic/truestudio for arm 6.0.0/armtools/bin/../lib/gcc/arm-atollic-eabi/5.3.1/../../../../arm-atollic-eabi/lib/armv7-m\libc.a(lib_a-putchar.o)
                0x08003efc                putchar
 .text.sprintf  0x08003f24       0x48 c:/program files (x86)/atollic/truestudio for arm 6.0.0/armtools/bin/../lib/gcc/arm-atollic-eabi/5.3.1/../../../../arm-atollic-eabi/lib/armv7-m\libc.a(lib_a-sprintf.o)
                0x08003f24                sprintf
 .text._svfprintf_r
                0x08003f6c      0xf70 c:/program files (x86)/atollic/truestudio for arm 6.0.0/armtools/bin/../lib/gcc/arm-atollic-eabi/5.3.1/../../../../arm-atollic-eabi/lib/armv7-m\libc.a(lib_a-svfprintf.o)
                0x08003f6c                _svfprintf_r
 .text._vfprintf_r
                0x08004edc      0xfdc c:/program files (x86)/atollic/truestudio for arm 6.0.0/armtools/bin/../lib/gcc/arm-atollic-eabi/5.3.1/../../../../arm-atollic-eabi/lib/armv7-m\libc.a(lib_a-vfprintf.o)
                0x08004edc                _vfprintf_r
 .text.__sbprintf
                0x08005eb8       0x6a c:/program files (x86)/atollic/truestudio for arm 6.0.0/armtools/bin/../lib/gcc/arm-atollic-eabi/5.3.1/../../../../arm-atollic-eabi/lib/armv7-m\libc.a(lib_a-vfprintf.o)
 *fill*         0x08005f22        0x2 
 .text.__swsetup_r
                0x08005f24       0xdc c:/program files (x86)/atollic/truestudio for arm 6.0.0/armtools/bin/../lib/gcc/arm-atollic-eabi/5.3.1/../../../../arm-atollic-eabi/lib/armv7-m\libc.a(lib_a-wsetup.o)
                0x08005f24                __swsetup_r
 .text.quorem   0x08006000      0x116 c:/program files (x86)/atollic/truestudio for arm 6.0.0/armtools/bin/../lib/gcc/arm-atollic-eabi/5.3.1/../../../../arm-atollic-eabi/lib/armv7-m\libc.a(lib_a-dtoa.o)
 *fill*         0x08006116        0x2 
 .text._dtoa_r  0x08006118      0xb30 c:/program files (x86)/atollic/truestudio for arm 6.0.0/armtools/bin/../lib/gcc/arm-atollic-eabi/5.3.1/../../../../arm-atollic-eabi/lib/armv7-m\libc.a(lib_a-dtoa.o)
                0x08006118                _dtoa_r
 .text.__sflush_r
                0x08006c48      0x120 c:/program files (x86)/atollic/truestudio for arm 6.0.0/armtools/bin/../lib/gcc/arm-atollic-eabi/5.3.1/../../../../arm-atollic-eabi/lib/armv7-m\libc.a(lib_a-fflush.o)
                0x08006c48                __sflush_r
 .text._fflush_r
                0x08006d68       0x54 c:/program files (x86)/atollic/truestudio for arm 6.0.0/armtools/bin/../lib/gcc/arm-atollic-eabi/5.3.1/../../../../arm-atollic-eabi/lib/armv7-m\libc.a(lib_a-fflush.o)
                0x08006d68                _fflush_r
 .text._cleanup_r
                0x08006dbc        0xc c:/program files (x86)/atollic/truestudio for arm 6.0.0/armtools/bin/../lib/gcc/arm-atollic-eabi/5.3.1/../../../../arm-atollic-eabi/lib/armv7-m\libc.a(lib_a-findfp.o)
                0x08006dbc                _cleanup_r
 .text.std.isra.0
                0x08006dc8       0x48 c:/program files (x86)/atollic/truestudio for arm 6.0.0/armtools/bin/../lib/gcc/arm-atollic-eabi/5.3.1/../../../../arm-atollic-eabi/lib/armv7-m\libc.a(lib_a-findfp.o)
 .text.__sfmoreglue
                0x08006e10       0x2c c:/program files (x86)/atollic/truestudio for arm 6.0.0/armtools/bin/../lib/gcc/arm-atollic-eabi/5.3.1/../../../../arm-atollic-eabi/lib/armv7-m\libc.a(lib_a-findfp.o)
                0x08006e10                __sfmoreglue
 .text.__sinit  0x08006e3c       0x68 c:/program files (x86)/atollic/truestudio for arm 6.0.0/armtools/bin/../lib/gcc/arm-atollic-eabi/5.3.1/../../../../arm-atollic-eabi/lib/armv7-m\libc.a(lib_a-findfp.o)
                0x08006e3c                __sinit
 .text.__sfp    0x08006ea4       0x78 c:/program files (x86)/atollic/truestudio for arm 6.0.0/armtools/bin/../lib/gcc/arm-atollic-eabi/5.3.1/../../../../arm-atollic-eabi/lib/armv7-m\libc.a(lib_a-findfp.o)
                0x08006ea4                __sfp
 .text.__sfp_lock_acquire
                0x08006f1c        0x2 c:/program files (x86)/atollic/truestudio for arm 6.0.0/armtools/bin/../lib/gcc/arm-atollic-eabi/5.3.1/../../../../arm-atollic-eabi/lib/armv7-m\libc.a(lib_a-findfp.o)
                0x08006f1c                __sfp_lock_acquire
 .text.__sfp_lock_release
                0x08006f1e        0x2 c:/program files (x86)/atollic/truestudio for arm 6.0.0/armtools/bin/../lib/gcc/arm-atollic-eabi/5.3.1/../../../../arm-atollic-eabi/lib/armv7-m\libc.a(lib_a-findfp.o)
                0x08006f1e                __sfp_lock_release
 .text._malloc_trim_r
                0x08006f20       0xac c:/program files (x86)/atollic/truestudio for arm 6.0.0/armtools/bin/../lib/gcc/arm-atollic-eabi/5.3.1/../../../../arm-atollic-eabi/lib/armv7-m\libc.a(lib_a-freer.o)
                0x08006f20                _malloc_trim_r
 .text._free_r  0x08006fcc      0x17c c:/program files (x86)/atollic/truestudio for arm 6.0.0/armtools/bin/../lib/gcc/arm-atollic-eabi/5.3.1/../../../../arm-atollic-eabi/lib/armv7-m\libc.a(lib_a-freer.o)
                0x08006fcc                _free_r
 .text._fwalk_reent
                0x08007148       0x3c c:/program files (x86)/atollic/truestudio for arm 6.0.0/armtools/bin/../lib/gcc/arm-atollic-eabi/5.3.1/../../../../arm-atollic-eabi/lib/armv7-m\libc.a(lib_a-fwalk.o)
                0x08007148                _fwalk_reent
 .text.__locale_charset
                0x08007184        0x8 c:/program files (x86)/atollic/truestudio for arm 6.0.0/armtools/bin/../lib/gcc/arm-atollic-eabi/5.3.1/../../../../arm-atollic-eabi/lib/armv7-m\libc.a(lib_a-locale.o)
                0x08007184                __locale_charset
 .text.__locale_mb_cur_max
                0x0800718c        0xc c:/program files (x86)/atollic/truestudio for arm 6.0.0/armtools/bin/../lib/gcc/arm-atollic-eabi/5.3.1/../../../../arm-atollic-eabi/lib/armv7-m\libc.a(lib_a-locale.o)
                0x0800718c                __locale_mb_cur_max
 .text._localeconv_r
                0x08007198        0x8 c:/program files (x86)/atollic/truestudio for arm 6.0.0/armtools/bin/../lib/gcc/arm-atollic-eabi/5.3.1/../../../../arm-atollic-eabi/lib/armv7-m\libc.a(lib_a-locale.o)
                0x08007198                _localeconv_r
 .text.__swhatbuf_r
                0x080071a0       0x58 c:/program files (x86)/atollic/truestudio for arm 6.0.0/armtools/bin/../lib/gcc/arm-atollic-eabi/5.3.1/../../../../arm-atollic-eabi/lib/armv7-m\libc.a(lib_a-makebuf.o)
                0x080071a0                __swhatbuf_r
 .text.__smakebuf_r
                0x080071f8       0x78 c:/program files (x86)/atollic/truestudio for arm 6.0.0/armtools/bin/../lib/gcc/arm-atollic-eabi/5.3.1/../../../../arm-atollic-eabi/lib/armv7-m\libc.a(lib_a-makebuf.o)
                0x080071f8                __smakebuf_r
 .text.malloc   0x08007270       0x10 c:/program files (x86)/atollic/truestudio for arm 6.0.0/armtools/bin/../lib/gcc/arm-atollic-eabi/5.3.1/../../../../arm-atollic-eabi/lib/armv7-m\libc.a(lib_a-malloc.o)
                0x08007270                malloc
 .text._malloc_r
                0x08007280      0x438 c:/program files (x86)/atollic/truestudio for arm 6.0.0/armtools/bin/../lib/gcc/arm-atollic-eabi/5.3.1/../../../../arm-atollic-eabi/lib/armv7-m\libc.a(lib_a-mallocr.o)
                0x08007280                _malloc_r
 .text.memchr   0x080076b8       0x1c c:/program files (x86)/atollic/truestudio for arm 6.0.0/armtools/bin/../lib/gcc/arm-atollic-eabi/5.3.1/../../../../arm-atollic-eabi/lib/armv7-m\libc.a(lib_a-memchr-stub.o)
                0x080076b8                memchr
 .text.memcpy   0x080076d4       0x16 c:/program files (x86)/atollic/truestudio for arm 6.0.0/armtools/bin/../lib/gcc/arm-atollic-eabi/5.3.1/../../../../arm-atollic-eabi/lib/armv7-m\libc.a(lib_a-memcpy-stub.o)
                0x080076d4                memcpy
 .text.__malloc_lock
                0x080076ea        0x2 c:/program files (x86)/atollic/truestudio for arm 6.0.0/armtools/bin/../lib/gcc/arm-atollic-eabi/5.3.1/../../../../arm-atollic-eabi/lib/armv7-m\libc.a(lib_a-mlock.o)
                0x080076ea                __malloc_lock
 .text.__malloc_unlock
                0x080076ec        0x2 c:/program files (x86)/atollic/truestudio for arm 6.0.0/armtools/bin/../lib/gcc/arm-atollic-eabi/5.3.1/../../../../arm-atollic-eabi/lib/armv7-m\libc.a(lib_a-mlock.o)
                0x080076ec                __malloc_unlock
 .text._Balloc  0x080076ee       0x6a c:/program files (x86)/atollic/truestudio for arm 6.0.0/armtools/bin/../lib/gcc/arm-atollic-eabi/5.3.1/../../../../arm-atollic-eabi/lib/armv7-m\libc.a(lib_a-mprec.o)
                0x080076ee                _Balloc
 .text._Bfree   0x08007758       0x2e c:/program files (x86)/atollic/truestudio for arm 6.0.0/armtools/bin/../lib/gcc/arm-atollic-eabi/5.3.1/../../../../arm-atollic-eabi/lib/armv7-m\libc.a(lib_a-mprec.o)
                0x08007758                _Bfree
 .text.__multadd
                0x08007786       0x76 c:/program files (x86)/atollic/truestudio for arm 6.0.0/armtools/bin/../lib/gcc/arm-atollic-eabi/5.3.1/../../../../arm-atollic-eabi/lib/armv7-m\libc.a(lib_a-mprec.o)
                0x08007786                __multadd
 .text.__hi0bits
                0x080077fc       0x40 c:/program files (x86)/atollic/truestudio for arm 6.0.0/armtools/bin/../lib/gcc/arm-atollic-eabi/5.3.1/../../../../arm-atollic-eabi/lib/armv7-m\libc.a(lib_a-mprec.o)
                0x080077fc                __hi0bits
 .text.__lo0bits
                0x0800783c       0x5a c:/program files (x86)/atollic/truestudio for arm 6.0.0/armtools/bin/../lib/gcc/arm-atollic-eabi/5.3.1/../../../../arm-atollic-eabi/lib/armv7-m\libc.a(lib_a-mprec.o)
                0x0800783c                __lo0bits
 .text.__i2b    0x08007896       0x12 c:/program files (x86)/atollic/truestudio for arm 6.0.0/armtools/bin/../lib/gcc/arm-atollic-eabi/5.3.1/../../../../arm-atollic-eabi/lib/armv7-m\libc.a(lib_a-mprec.o)
                0x08007896                __i2b
 .text.__multiply
                0x080078a8      0x120 c:/program files (x86)/atollic/truestudio for arm 6.0.0/armtools/bin/../lib/gcc/arm-atollic-eabi/5.3.1/../../../../arm-atollic-eabi/lib/armv7-m\libc.a(lib_a-mprec.o)
                0x080078a8                __multiply
 .text.__pow5mult
                0x080079c8       0x9c c:/program files (x86)/atollic/truestudio for arm 6.0.0/armtools/bin/../lib/gcc/arm-atollic-eabi/5.3.1/../../../../arm-atollic-eabi/lib/armv7-m\libc.a(lib_a-mprec.o)
                0x080079c8                __pow5mult
 .text.__lshift
                0x08007a64       0xa2 c:/program files (x86)/atollic/truestudio for arm 6.0.0/armtools/bin/../lib/gcc/arm-atollic-eabi/5.3.1/../../../../arm-atollic-eabi/lib/armv7-m\libc.a(lib_a-mprec.o)
                0x08007a64                __lshift
 .text.__mcmp   0x08007b06       0x38 c:/program files (x86)/atollic/truestudio for arm 6.0.0/armtools/bin/../lib/gcc/arm-atollic-eabi/5.3.1/../../../../arm-atollic-eabi/lib/armv7-m\libc.a(lib_a-mprec.o)
                0x08007b06                __mcmp
 .text.__mdiff  0x08007b3e       0xbe c:/program files (x86)/atollic/truestudio for arm 6.0.0/armtools/bin/../lib/gcc/arm-atollic-eabi/5.3.1/../../../../arm-atollic-eabi/lib/armv7-m\libc.a(lib_a-mprec.o)
                0x08007b3e                __mdiff
 .text.__d2b    0x08007bfc       0x9c c:/program files (x86)/atollic/truestudio for arm 6.0.0/armtools/bin/../lib/gcc/arm-atollic-eabi/5.3.1/../../../../arm-atollic-eabi/lib/armv7-m\libc.a(lib_a-mprec.o)
                0x08007bfc                __d2b
 .text._putc_r  0x08007c98       0x6c c:/program files (x86)/atollic/truestudio for arm 6.0.0/armtools/bin/../lib/gcc/arm-atollic-eabi/5.3.1/../../../../arm-atollic-eabi/lib/armv7-m\libc.a(lib_a-putc.o)
                0x08007c98                _putc_r
 .text._sbrk_r  0x08007d04       0x20 c:/program files (x86)/atollic/truestudio for arm 6.0.0/armtools/bin/../lib/gcc/arm-atollic-eabi/5.3.1/../../../../arm-atollic-eabi/lib/armv7-m\libc.a(lib_a-sbrkr.o)
                0x08007d04                _sbrk_r
 .text.__sread  0x08007d24       0x22 c:/program files (x86)/atollic/truestudio for arm 6.0.0/armtools/bin/../lib/gcc/arm-atollic-eabi/5.3.1/../../../../arm-atollic-eabi/lib/armv7-m\libc.a(lib_a-stdio.o)
                0x08007d24                __sread
 .text.__swrite
                0x08007d46       0x38 c:/program files (x86)/atollic/truestudio for arm 6.0.0/armtools/bin/../lib/gcc/arm-atollic-eabi/5.3.1/../../../../arm-atollic-eabi/lib/armv7-m\libc.a(lib_a-stdio.o)
                0x08007d46                __swrite
 .text.__sseek  0x08007d7e       0x24 c:/program files (x86)/atollic/truestudio for arm 6.0.0/armtools/bin/../lib/gcc/arm-atollic-eabi/5.3.1/../../../../arm-atollic-eabi/lib/armv7-m\libc.a(lib_a-stdio.o)
                0x08007d7e                __sseek
 .text.__sclose
                0x08007da2        0x8 c:/program files (x86)/atollic/truestudio for arm 6.0.0/armtools/bin/../lib/gcc/arm-atollic-eabi/5.3.1/../../../../arm-atollic-eabi/lib/armv7-m\libc.a(lib_a-stdio.o)
                0x08007da2                __sclose
 .text.__ssprint_r
                0x08007daa       0xfe c:/program files (x86)/atollic/truestudio for arm 6.0.0/armtools/bin/../lib/gcc/arm-atollic-eabi/5.3.1/../../../../arm-atollic-eabi/lib/armv7-m\libc.a(lib_a-svfiprintf.o)
                0x08007daa                __ssprint_r
 .text.__sprint_r
                0x08007ea8       0x64 c:/program files (x86)/atollic/truestudio for arm 6.0.0/armtools/bin/../lib/gcc/arm-atollic-eabi/5.3.1/../../../../arm-atollic-eabi/lib/armv7-m\libc.a(lib_a-vfiprintf.o)
                0x08007ea8                __sprint_r
 .text.__swbuf_r
                0x08007f0c       0xbc c:/program files (x86)/atollic/truestudio for arm 6.0.0/armtools/bin/../lib/gcc/arm-atollic-eabi/5.3.1/../../../../arm-atollic-eabi/lib/armv7-m\libc.a(lib_a-wbuf.o)
                0x08007f0c                __swbuf_r
 .text._write_r
                0x08007fc8       0x24 c:/program files (x86)/atollic/truestudio for arm 6.0.0/armtools/bin/../lib/gcc/arm-atollic-eabi/5.3.1/../../../../arm-atollic-eabi/lib/armv7-m\libc.a(lib_a-writer.o)
                0x08007fc8                _write_r
 .text._calloc_r
                0x08007fec       0x5a c:/program files (x86)/atollic/truestudio for arm 6.0.0/armtools/bin/../lib/gcc/arm-atollic-eabi/5.3.1/../../../../arm-atollic-eabi/lib/armv7-m\libc.a(lib_a-callocr.o)
                0x08007fec                _calloc_r
 *fill*         0x08008046        0x2 
 .text._close_r
                0x08008048       0x20 c:/program files (x86)/atollic/truestudio for arm 6.0.0/armtools/bin/../lib/gcc/arm-atollic-eabi/5.3.1/../../../../arm-atollic-eabi/lib/armv7-m\libc.a(lib_a-closer.o)
                0x08008048                _close_r
 .text._fclose_r
                0x08008068       0xa4 c:/program files (x86)/atollic/truestudio for arm 6.0.0/armtools/bin/../lib/gcc/arm-atollic-eabi/5.3.1/../../../../arm-atollic-eabi/lib/armv7-m\libc.a(lib_a-fclose.o)
                0x08008068                _fclose_r
 .text.__fputwc
                0x0800810c       0x7e c:/program files (x86)/atollic/truestudio for arm 6.0.0/armtools/bin/../lib/gcc/arm-atollic-eabi/5.3.1/../../../../arm-atollic-eabi/lib/armv7-m\libc.a(lib_a-fputwc.o)
                0x0800810c                __fputwc
 .text._fputwc_r
                0x0800818a       0x1e c:/program files (x86)/atollic/truestudio for arm 6.0.0/armtools/bin/../lib/gcc/arm-atollic-eabi/5.3.1/../../../../arm-atollic-eabi/lib/armv7-m\libc.a(lib_a-fputwc.o)
                0x0800818a                _fputwc_r
 .text._fstat_r
                0x080081a8       0x24 c:/program files (x86)/atollic/truestudio for arm 6.0.0/armtools/bin/../lib/gcc/arm-atollic-eabi/5.3.1/../../../../arm-atollic-eabi/lib/armv7-m\libc.a(lib_a-fstatr.o)
                0x080081a8                _fstat_r
 .text.__sfvwrite_r
                0x080081cc      0x294 c:/program files (x86)/atollic/truestudio for arm 6.0.0/armtools/bin/../lib/gcc/arm-atollic-eabi/5.3.1/../../../../arm-atollic-eabi/lib/armv7-m\libc.a(lib_a-fvwrite.o)
                0x080081cc                __sfvwrite_r
 .text._isatty_r
                0x08008460       0x20 c:/program files (x86)/atollic/truestudio for arm 6.0.0/armtools/bin/../lib/gcc/arm-atollic-eabi/5.3.1/../../../../arm-atollic-eabi/lib/armv7-m\libc.a(lib_a-isattyr.o)
                0x08008460                _isatty_r
 .text._lseek_r
                0x08008480       0x24 c:/program files (x86)/atollic/truestudio for arm 6.0.0/armtools/bin/../lib/gcc/arm-atollic-eabi/5.3.1/../../../../arm-atollic-eabi/lib/armv7-m\libc.a(lib_a-lseekr.o)
                0x08008480                _lseek_r
 .text.memmove  0x080084a4       0x36 c:/program files (x86)/atollic/truestudio for arm 6.0.0/armtools/bin/../lib/gcc/arm-atollic-eabi/5.3.1/../../../../arm-atollic-eabi/lib/armv7-m\libc.a(lib_a-memmove.o)
                0x080084a4                memmove
 *fill*         0x080084da        0x2 
 .text._read_r  0x080084dc       0x24 c:/program files (x86)/atollic/truestudio for arm 6.0.0/armtools/bin/../lib/gcc/arm-atollic-eabi/5.3.1/../../../../arm-atollic-eabi/lib/armv7-m\libc.a(lib_a-readr.o)
                0x080084dc                _read_r
 .text._realloc_r
                0x08008500      0x358 c:/program files (x86)/atollic/truestudio for arm 6.0.0/armtools/bin/../lib/gcc/arm-atollic-eabi/5.3.1/../../../../arm-atollic-eabi/lib/armv7-m\libc.a(lib_a-reallocr.o)
                0x08008500                _realloc_r
 .text._wcrtomb_r
                0x08008858       0x48 c:/program files (x86)/atollic/truestudio for arm 6.0.0/armtools/bin/../lib/gcc/arm-atollic-eabi/5.3.1/../../../../arm-atollic-eabi/lib/armv7-m\libc.a(lib_a-wcrtomb.o)
                0x08008858                _wcrtomb_r
 .text.__ascii_wctomb
                0x080088a0       0x1a c:/program files (x86)/atollic/truestudio for arm 6.0.0/armtools/bin/../lib/gcc/arm-atollic-eabi/5.3.1/../../../../arm-atollic-eabi/lib/armv7-m\libc.a(lib_a-wctomb_r.o)
                0x080088a0                __ascii_wctomb
 *fill*         0x080088ba        0x2 
 .text._close   0x080088bc       0x10 c:/program files (x86)/atollic/truestudio for arm 6.0.0/armtools/bin/../lib/gcc/arm-atollic-eabi/5.3.1/../../../../arm-atollic-eabi/lib/armv7-m\libnosys.a(close.o)
                0x080088bc                _close
 .text._fstat   0x080088cc       0x10 c:/program files (x86)/atollic/truestudio for arm 6.0.0/armtools/bin/../lib/gcc/arm-atollic-eabi/5.3.1/../../../../arm-atollic-eabi/lib/armv7-m\libnosys.a(fstat.o)
                0x080088cc                _fstat
 .text._isatty  0x080088dc       0x10 c:/program files (x86)/atollic/truestudio for arm 6.0.0/armtools/bin/../lib/gcc/arm-atollic-eabi/5.3.1/../../../../arm-atollic-eabi/lib/armv7-m\libnosys.a(isatty.o)
                0x080088dc                _isatty
 .text._lseek   0x080088ec       0x10 c:/program files (x86)/atollic/truestudio for arm 6.0.0/armtools/bin/../lib/gcc/arm-atollic-eabi/5.3.1/../../../../arm-atollic-eabi/lib/armv7-m\libnosys.a(lseek.o)
                0x080088ec                _lseek
 .text._read    0x080088fc       0x10 c:/program files (x86)/atollic/truestudio for arm 6.0.0/armtools/bin/../lib/gcc/arm-atollic-eabi/5.3.1/../../../../arm-atollic-eabi/lib/armv7-m\libnosys.a(read.o)
                0x080088fc                _read
 .text._sbrk    0x0800890c       0x1c c:/program files (x86)/atollic/truestudio for arm 6.0.0/armtools/bin/../lib/gcc/arm-atollic-eabi/5.3.1/../../../../arm-atollic-eabi/lib/armv7-m\libnosys.a(sbrk.o)
                0x0800890c                _sbrk
 .text._write   0x08008928       0x10 c:/program files (x86)/atollic/truestudio for arm 6.0.0/armtools/bin/../lib/gcc/arm-atollic-eabi/5.3.1/../../../../arm-atollic-eabi/lib/armv7-m\libnosys.a(write.o)
                0x08008928                _write
 *(.glue_7)
 .glue_7        0x08008938        0x0 linker stubs
 *(.glue_7t)
 .glue_7t       0x08008938        0x0 linker stubs
 *(.eh_frame)
 .eh_frame      0x08008938        0x0 c:/program files (x86)/atollic/truestudio for arm 6.0.0/armtools/bin/../lib/gcc/arm-atollic-eabi/5.3.1/armv7-m/crtbegin.o
 *(.init)
 .init          0x08008938        0x4 c:/program files (x86)/atollic/truestudio for arm 6.0.0/armtools/bin/../lib/gcc/arm-atollic-eabi/5.3.1/armv7-m/crti.o
                0x08008938                _init
 .init          0x0800893c        0x8 c:/program files (x86)/atollic/truestudio for arm 6.0.0/armtools/bin/../lib/gcc/arm-atollic-eabi/5.3.1/armv7-m/crtn.o
 *(.fini)
 .fini          0x08008944        0x4 c:/program files (x86)/atollic/truestudio for arm 6.0.0/armtools/bin/../lib/gcc/arm-atollic-eabi/5.3.1/armv7-m/crti.o
                0x08008944                _fini
 .fini          0x08008948        0x8 c:/program files (x86)/atollic/truestudio for arm 6.0.0/armtools/bin/../lib/gcc/arm-atollic-eabi/5.3.1/armv7-m/crtn.o
                0x08008950                . = ALIGN (0x4)
                0x08008950                _etext = .

.vfp11_veneer   0x08008950        0x0
 .vfp11_veneer  0x08008950        0x0 linker stubs

.v4_bx          0x08008950        0x0
 .v4_bx         0x08008950        0x0 linker stubs

.iplt           0x08008950        0x0
 .iplt          0x08008950        0x0 c:/program files (x86)/atollic/truestudio for arm 6.0.0/armtools/bin/../lib/gcc/arm-atollic-eabi/5.3.1/armv7-m/crtbegin.o

.rodata         0x08008950      0x314
                0x08008950                . = ALIGN (0x4)
 *(.rodata)
 .rodata        0x08008950       0x12 Drivers\STM32F1xx_HAL_Driver\Src\stm32f1xx_hal_rcc.o
 *(.rodata*)
 .rodata.AHBPrescTable
                0x08008962       0x10 Drivers\CMSIS\Device\ST\STM32F1xx\Source\Templates\system_stm32f1xx.o
                0x08008962                AHBPrescTable
 .rodata.APBPrescTable
                0x08008972        0x8 Drivers\CMSIS\Device\ST\STM32F1xx\Source\Templates\system_stm32f1xx.o
                0x08008972                APBPrescTable
 .rodata.str1.1
                0x0800897a       0x63 Middlewares\ST\STM32_USB_Device_Library\Class\HID\Src\usbd_hid_cdc.o
 .rodata.str1.1
                0x080089dd       0x33 Middlewares\ST\STM32_USB_Device_Library\Core\Src\usbd_core.o
 .rodata.str1.1
                0x08008a10       0x64 Src\usbd_desc.o
 .rodata.zeroes.7043
                0x08008a74       0x10 c:/program files (x86)/atollic/truestudio for arm 6.0.0/armtools/bin/../lib/gcc/arm-atollic-eabi/5.3.1/../../../../arm-atollic-eabi/lib/armv7-m\libc.a(lib_a-svfprintf.o)
 .rodata.str1.1
                0x08008a84       0x34 c:/program files (x86)/atollic/truestudio for arm 6.0.0/armtools/bin/../lib/gcc/arm-atollic-eabi/5.3.1/../../../../arm-atollic-eabi/lib/armv7-m\libc.a(lib_a-svfprintf.o)
 .rodata.blanks.7042
                0x08008ab8       0x10 c:/program files (x86)/atollic/truestudio for arm 6.0.0/armtools/bin/../lib/gcc/arm-atollic-eabi/5.3.1/../../../../arm-atollic-eabi/lib/armv7-m\libc.a(lib_a-svfprintf.o)
 .rodata.blanks.7057
                0x08008ac8       0x10 c:/program files (x86)/atollic/truestudio for arm 6.0.0/armtools/bin/../lib/gcc/arm-atollic-eabi/5.3.1/../../../../arm-atollic-eabi/lib/armv7-m\libc.a(lib_a-vfprintf.o)
 .rodata.str1.1
                0x08008ad8       0x34 c:/program files (x86)/atollic/truestudio for arm 6.0.0/armtools/bin/../lib/gcc/arm-atollic-eabi/5.3.1/../../../../arm-atollic-eabi/lib/armv7-m\libc.a(lib_a-vfprintf.o)
 .rodata.zeroes.7058
                0x08008ad8       0x10 c:/program files (x86)/atollic/truestudio for arm 6.0.0/armtools/bin/../lib/gcc/arm-atollic-eabi/5.3.1/../../../../arm-atollic-eabi/lib/armv7-m\libc.a(lib_a-vfprintf.o)
 .rodata.str1.1
                0x08008ae8        0xd c:/program files (x86)/atollic/truestudio for arm 6.0.0/armtools/bin/../lib/gcc/arm-atollic-eabi/5.3.1/../../../../arm-atollic-eabi/lib/armv7-m\libc.a(lib_a-dtoa.o)
                                  0xf (size before relaxing)
 *fill*         0x08008af5        0x3 
 .rodata.__sf_fake_stdin
                0x08008af8       0x20 c:/program files (x86)/atollic/truestudio for arm 6.0.0/armtools/bin/../lib/gcc/arm-atollic-eabi/5.3.1/../../../../arm-atollic-eabi/lib/armv7-m\libc.a(lib_a-findfp.o)
                0x08008af8                __sf_fake_stdin
 .rodata.__sf_fake_stdout
                0x08008b18       0x20 c:/program files (x86)/atollic/truestudio for arm 6.0.0/armtools/bin/../lib/gcc/arm-atollic-eabi/5.3.1/../../../../arm-atollic-eabi/lib/armv7-m\libc.a(lib_a-findfp.o)
                0x08008b18                __sf_fake_stdout
 .rodata.__sf_fake_stderr
                0x08008b38       0x20 c:/program files (x86)/atollic/truestudio for arm 6.0.0/armtools/bin/../lib/gcc/arm-atollic-eabi/5.3.1/../../../../arm-atollic-eabi/lib/armv7-m\libc.a(lib_a-findfp.o)
                0x08008b38                __sf_fake_stderr
 .rodata.str1.1
                0x08008b58        0x2 c:/program files (x86)/atollic/truestudio for arm 6.0.0/armtools/bin/../lib/gcc/arm-atollic-eabi/5.3.1/../../../../arm-atollic-eabi/lib/armv7-m\libc.a(lib_a-impure.o)
 *fill*         0x08008b5a        0x2 
 .rodata._global_impure_ptr
                0x08008b5c        0x4 c:/program files (x86)/atollic/truestudio for arm 6.0.0/armtools/bin/../lib/gcc/arm-atollic-eabi/5.3.1/../../../../arm-atollic-eabi/lib/armv7-m\libc.a(lib_a-impure.o)
                0x08008b5c                _global_impure_ptr
 .rodata.str1.1
                0x08008b60        0x8 c:/program files (x86)/atollic/truestudio for arm 6.0.0/armtools/bin/../lib/gcc/arm-atollic-eabi/5.3.1/../../../../arm-atollic-eabi/lib/armv7-m\libc.a(lib_a-locale.o)
                                  0xb (size before relaxing)
 .rodata.__mprec_tens
                0x08008b68       0xc8 c:/program files (x86)/atollic/truestudio for arm 6.0.0/armtools/bin/../lib/gcc/arm-atollic-eabi/5.3.1/../../../../arm-atollic-eabi/lib/armv7-m\libc.a(lib_a-mprec.o)
                0x08008b68                __mprec_tens
 .rodata.__mprec_bigtens
                0x08008c30       0x28 c:/program files (x86)/atollic/truestudio for arm 6.0.0/armtools/bin/../lib/gcc/arm-atollic-eabi/5.3.1/../../../../arm-atollic-eabi/lib/armv7-m\libc.a(lib_a-mprec.o)
                0x08008c30                __mprec_bigtens
 .rodata.p05.5386
                0x08008c58        0xc c:/program files (x86)/atollic/truestudio for arm 6.0.0/armtools/bin/../lib/gcc/arm-atollic-eabi/5.3.1/../../../../arm-atollic-eabi/lib/armv7-m\libc.a(lib_a-mprec.o)
                0x08008c64                . = ALIGN (0x4)

.ARM.extab
 *(.ARM.extab* .gnu.linkonce.armextab.*)

.ARM            0x08008c64        0x8
                0x08008c64                __exidx_start = .
 *(.ARM.exidx*)
 .ARM.exidx     0x08008c64        0x8 c:/program files (x86)/atollic/truestudio for arm 6.0.0/armtools/bin/../lib/gcc/arm-atollic-eabi/5.3.1/armv7-m\libgcc.a(_udivmoddi4.o)
                0x08008c6c                __exidx_end = .

.rel.dyn        0x08008c6c        0x0
 .rel.iplt      0x08008c6c        0x0 c:/program files (x86)/atollic/truestudio for arm 6.0.0/armtools/bin/../lib/gcc/arm-atollic-eabi/5.3.1/armv7-m/crtbegin.o

.preinit_array  0x08008c6c        0x0
                0x08008c6c                PROVIDE (__preinit_array_start, .)
 *(.preinit_array*)
                0x08008c6c                PROVIDE (__preinit_array_end, .)

.init_array     0x08008c6c        0x4
                0x08008c6c                PROVIDE (__init_array_start, .)
 *(SORT(.init_array.*))
 *(.init_array*)
 .init_array    0x08008c6c        0x4 c:/program files (x86)/atollic/truestudio for arm 6.0.0/armtools/bin/../lib/gcc/arm-atollic-eabi/5.3.1/armv7-m/crtbegin.o
                0x08008c70                PROVIDE (__init_array_end, .)

.fini_array     0x08008c70        0x4
                [!provide]                PROVIDE (__fini_array_start, .)
 *(SORT(.fini_array.*))
 *(.fini_array*)
 .fini_array    0x08008c70        0x4 c:/program files (x86)/atollic/truestudio for arm 6.0.0/armtools/bin/../lib/gcc/arm-atollic-eabi/5.3.1/armv7-m/crtbegin.o
                [!provide]                PROVIDE (__fini_array_end, .)
                0x08008c74                _sidata = LOADADDR (.data)

.data           0x20000000      0x6c8 load address 0x08008c74
                0x20000000                . = ALIGN (0x4)
                0x20000000                _sdata = .
 *(.data)
 *(.data*)
 .data.SystemCoreClock
                0x20000000        0x4 Drivers\CMSIS\Device\ST\STM32F1xx\Source\Templates\system_stm32f1xx.o
                0x20000000                SystemCoreClock
 .data.USBD_HID_CDC
                0x20000004       0x3c Middlewares\ST\STM32_USB_Device_Library\Class\HID\Src\usbd_hid_cdc.o
                0x20000004                USBD_HID_CDC
 .data.USBD_HID_CDC_Desc
                0x20000040        0x9 Middlewares\ST\STM32_USB_Device_Library\Class\HID\Src\usbd_hid_cdc.o
 *fill*         0x20000049        0x3 
 .data.USBD_HID_BBOX_ReportDesc
                0x2000004c       0x56 Middlewares\ST\STM32_USB_Device_Library\Class\HID\Src\usbd_hid_cdc.o
 *fill*         0x200000a2        0x2 
 .data.USBD_HID_CDC_CfgDesc
                0x200000a4       0x6b Middlewares\ST\STM32_USB_Device_Library\Class\HID\Src\usbd_hid_cdc.o
 *fill*         0x2000010f        0x1 
 .data.USBD_HID_CDC_DeviceQualifierDesc
                0x20000110        0xa Middlewares\ST\STM32_USB_Device_Library\Class\HID\Src\usbd_hid_cdc.o
 *fill*         0x2000011a        0x2 
 .data.readptr  0x2000011c        0x4 Src\main.o
                0x2000011c                readptr
 .data.USBD_Interface_fops_FS
                0x20000120       0x10 Src\usbd_cdc_if.o
                0x20000120                USBD_Interface_fops_FS
 .data.FS_Desc  0x20000130       0x1c Src\usbd_desc.o
                0x20000130                FS_Desc
 .data.USBD_LangIDDesc
                0x2000014c        0x4 Src\usbd_desc.o
                0x2000014c                USBD_LangIDDesc
 .data.USBD_FS_DeviceDesc
                0x20000150       0x12 Src\usbd_desc.o
                0x20000150                USBD_FS_DeviceDesc
 *fill*         0x20000162        0x2 
 .data.impure_data
                0x20000164       0xf0 c:/program files (x86)/atollic/truestudio for arm 6.0.0/armtools/bin/../lib/gcc/arm-atollic-eabi/5.3.1/../../../../arm-atollic-eabi/lib/armv7-m\libc.a(lib_a-impure.o)
 .data._impure_ptr
                0x20000254        0x4 c:/program files (x86)/atollic/truestudio for arm 6.0.0/armtools/bin/../lib/gcc/arm-atollic-eabi/5.3.1/../../../../arm-atollic-eabi/lib/armv7-m\libc.a(lib_a-impure.o)
                0x20000254                _impure_ptr
 .data.lconv    0x20000258       0x38 c:/program files (x86)/atollic/truestudio for arm 6.0.0/armtools/bin/../lib/gcc/arm-atollic-eabi/5.3.1/../../../../arm-atollic-eabi/lib/armv7-m\libc.a(lib_a-locale.o)
 .data.lc_ctype_charset
                0x20000290       0x20 c:/program files (x86)/atollic/truestudio for arm 6.0.0/armtools/bin/../lib/gcc/arm-atollic-eabi/5.3.1/../../../../arm-atollic-eabi/lib/armv7-m\libc.a(lib_a-locale.o)
 .data.__mb_cur_max
                0x200002b0        0x4 c:/program files (x86)/atollic/truestudio for arm 6.0.0/armtools/bin/../lib/gcc/arm-atollic-eabi/5.3.1/../../../../arm-atollic-eabi/lib/armv7-m\libc.a(lib_a-locale.o)
                0x200002b0                __mb_cur_max
 .data.__malloc_av_
                0x200002b4      0x408 c:/program files (x86)/atollic/truestudio for arm 6.0.0/armtools/bin/../lib/gcc/arm-atollic-eabi/5.3.1/../../../../arm-atollic-eabi/lib/armv7-m\libc.a(lib_a-mallocr.o)
                0x200002b4                __malloc_av_
 .data.__malloc_trim_threshold
                0x200006bc        0x4 c:/program files (x86)/atollic/truestudio for arm 6.0.0/armtools/bin/../lib/gcc/arm-atollic-eabi/5.3.1/../../../../arm-atollic-eabi/lib/armv7-m\libc.a(lib_a-mallocr.o)
                0x200006bc                __malloc_trim_threshold
 .data.__malloc_sbrk_base
                0x200006c0        0x4 c:/program files (x86)/atollic/truestudio for arm 6.0.0/armtools/bin/../lib/gcc/arm-atollic-eabi/5.3.1/../../../../arm-atollic-eabi/lib/armv7-m\libc.a(lib_a-mallocr.o)
                0x200006c0                __malloc_sbrk_base
 .data.__wctomb
                0x200006c4        0x4 c:/program files (x86)/atollic/truestudio for arm 6.0.0/armtools/bin/../lib/gcc/arm-atollic-eabi/5.3.1/../../../../arm-atollic-eabi/lib/armv7-m\libc.a(lib_a-wctomb_r.o)
                0x200006c4                __wctomb
                0x200006c8                . = ALIGN (0x4)
                0x200006c8                _edata = .

.igot.plt       0x200006c8        0x0 load address 0x0800933c
 .igot.plt      0x200006c8        0x0 c:/program files (x86)/atollic/truestudio for arm 6.0.0/armtools/bin/../lib/gcc/arm-atollic-eabi/5.3.1/armv7-m/crtbegin.o
                0x200006c8                . = ALIGN (0x4)

.bss            0x200006c8      0x9f4 load address 0x0800933c
                0x200006c8                _sbss = .
                0x200006c8                __bss_start__ = _sbss
 *(.bss)
 .bss           0x200006c8       0x1c c:/program files (x86)/atollic/truestudio for arm 6.0.0/armtools/bin/../lib/gcc/arm-atollic-eabi/5.3.1/armv7-m/crtbegin.o
 *(.bss*)
 .bss.uwTick    0x200006e4        0x4 Drivers\STM32F1xx_HAL_Driver\Src\stm32f1xx_hal.o
 .bss.cfgidx.7682
                0x200006e8        0x1 Middlewares\ST\STM32_USB_Device_Library\Core\Src\usbd_ctlreq.o
 *fill*         0x200006e9        0x1 
 .bss.report    0x200006ea        0xa Src\main.o
 .bss.mem.7759  0x200006f4       0x80 Src\usbd_conf.o
 .bss.__malloc_max_total_mem
                0x20000774        0x4 c:/program files (x86)/atollic/truestudio for arm 6.0.0/armtools/bin/../lib/gcc/arm-atollic-eabi/5.3.1/../../../../arm-atollic-eabi/lib/armv7-m\libc.a(lib_a-mallocr.o)
                0x20000774                __malloc_max_total_mem
 .bss.__malloc_max_sbrked_mem
                0x20000778        0x4 c:/program files (x86)/atollic/truestudio for arm 6.0.0/armtools/bin/../lib/gcc/arm-atollic-eabi/5.3.1/../../../../arm-atollic-eabi/lib/armv7-m\libc.a(lib_a-mallocr.o)
                0x20000778                __malloc_max_sbrked_mem
 .bss.__malloc_top_pad
                0x2000077c        0x4 c:/program files (x86)/atollic/truestudio for arm 6.0.0/armtools/bin/../lib/gcc/arm-atollic-eabi/5.3.1/../../../../arm-atollic-eabi/lib/armv7-m\libc.a(lib_a-mallocr.o)
                0x2000077c                __malloc_top_pad
 .bss.__malloc_current_mallinfo
                0x20000780       0x28 c:/program files (x86)/atollic/truestudio for arm 6.0.0/armtools/bin/../lib/gcc/arm-atollic-eabi/5.3.1/../../../../arm-atollic-eabi/lib/armv7-m\libc.a(lib_a-mallocr.o)
                0x20000780                __malloc_current_mallinfo
 .bss.heap_end.4167
                0x200007a8        0x4 c:/program files (x86)/atollic/truestudio for arm 6.0.0/armtools/bin/../lib/gcc/arm-atollic-eabi/5.3.1/../../../../arm-atollic-eabi/lib/armv7-m\libnosys.a(sbrk.o)
 *(COMMON)
 COMMON         0x200007ac       0xc0 Src\main.o
                0x200007ac                huart1
                0x200007ec                read_buffer
 COMMON         0x2000086c      0x224 Src\usb_device.o
                0x2000086c                hUsbDeviceFS
 COMMON         0x20000a90        0x8 Src\usbd_cdc_if.o
                0x20000a90                UserRxBufferFS
                0x20000a94                UserTxBufferFS
 COMMON         0x20000a98      0x420 Src\usbd_conf.o
                0x20000a98                hpcd_USB_FS
 COMMON         0x20000eb8      0x200 Src\usbd_desc.o
                0x20000eb8                USBD_StrDesc
 COMMON         0x200010b8        0x4 c:/program files (x86)/atollic/truestudio for arm 6.0.0/armtools/bin/../lib/gcc/arm-atollic-eabi/5.3.1/../../../../arm-atollic-eabi/lib/armv7-m\libc.a(lib_a-reent.o)
                0x200010b8                errno
                0x200010bc                . = ALIGN (0x4)
                0x200010bc                _ebss = .
                0x200010bc                __bss_end__ = _ebss

._user_heap_stack
                0x200010bc      0x600 load address 0x0800933c
                0x200010bc                . = ALIGN (0x4)
                0x200010bc                PROVIDE (end, .)
                [!provide]                PROVIDE (_end, .)
                0x200012bc                . = (. + _Min_Heap_Size)
 *fill*         0x200010bc      0x200 
                0x200016bc                . = (. + _Min_Stack_Size)
 *fill*         0x200012bc      0x400 
                0x200016bc                . = ALIGN (0x4)

/DISCARD/
 libc.a(*)
 libm.a(*)
 libgcc.a(*)

.ARM.attributes
                0x00000000       0x29
 *(.ARM.attributes)
 .ARM.attributes
                0x00000000       0x1d c:/program files (x86)/atollic/truestudio for arm 6.0.0/armtools/bin/../lib/gcc/arm-atollic-eabi/5.3.1/armv7-m/crti.o
 .ARM.attributes
                0x0000001d       0x2d c:/program files (x86)/atollic/truestudio for arm 6.0.0/armtools/bin/../lib/gcc/arm-atollic-eabi/5.3.1/armv7-m/crtbegin.o
 .ARM.attributes
                0x0000004a       0x21 Drivers\CMSIS\Device\ST\STM32F1xx\Source\Templates\gcc\startup_stm32f103xe.o
 .ARM.attributes
                0x0000006b       0x33 Drivers\CMSIS\Device\ST\STM32F1xx\Source\Templates\system_stm32f1xx.o
 .ARM.attributes
                0x0000009e       0x33 Drivers\STM32F1xx_HAL_Driver\Src\stm32f1xx_hal.o
 .ARM.attributes
                0x000000d1       0x33 Drivers\STM32F1xx_HAL_Driver\Src\stm32f1xx_hal_cortex.o
 .ARM.attributes
                0x00000104       0x33 Drivers\STM32F1xx_HAL_Driver\Src\stm32f1xx_hal_gpio.o
 .ARM.attributes
                0x00000137       0x33 Drivers\STM32F1xx_HAL_Driver\Src\stm32f1xx_hal_pcd.o
 .ARM.attributes
                0x0000016a       0x33 Drivers\STM32F1xx_HAL_Driver\Src\stm32f1xx_hal_pcd_ex.o
 .ARM.attributes
                0x0000019d       0x33 Drivers\STM32F1xx_HAL_Driver\Src\stm32f1xx_hal_rcc.o
 .ARM.attributes
                0x000001d0       0x33 Drivers\STM32F1xx_HAL_Driver\Src\stm32f1xx_hal_rcc_ex.o
 .ARM.attributes
                0x00000203       0x33 Drivers\STM32F1xx_HAL_Driver\Src\stm32f1xx_hal_uart.o
 .ARM.attributes
                0x00000236       0x33 Drivers\STM32F1xx_HAL_Driver\Src\stm32f1xx_ll_usb.o
 .ARM.attributes
                0x00000269       0x33 Middlewares\ST\STM32_USB_Device_Library\Class\HID\Src\usbd_hid_cdc.o
 .ARM.attributes
                0x0000029c       0x33 Middlewares\ST\STM32_USB_Device_Library\Core\Src\usbd_core.o
 .ARM.attributes
                0x000002cf       0x33 Middlewares\ST\STM32_USB_Device_Library\Core\Src\usbd_ctlreq.o
 .ARM.attributes
                0x00000302       0x33 Middlewares\ST\STM32_USB_Device_Library\Core\Src\usbd_ioreq.o
 .ARM.attributes
                0x00000335       0x33 Src\main.o
 .ARM.attributes
                0x00000368       0x33 Src\stm32f1xx_hal_msp.o
 .ARM.attributes
                0x0000039b       0x33 Src\stm32f1xx_it.o
 .ARM.attributes
                0x000003ce       0x33 Src\usb_device.o
 .ARM.attributes
                0x00000401       0x33 Src\usbd_cdc_if.o
 .ARM.attributes
                0x00000434       0x33 Src\usbd_conf.o
 .ARM.attributes
                0x00000467       0x33 Src\usbd_desc.o
 .ARM.attributes
                0x0000049a       0x2d c:/program files (x86)/atollic/truestudio for arm 6.0.0/armtools/bin/../lib/gcc/arm-atollic-eabi/5.3.1/../../../../arm-atollic-eabi/lib/armv7-m\libc.a(lib_a-init.o)
 .ARM.attributes
                0x000004c7       0x2d c:/program files (x86)/atollic/truestudio for arm 6.0.0/armtools/bin/../lib/gcc/arm-atollic-eabi/5.3.1/../../../../arm-atollic-eabi/lib/armv7-m\libc.a(lib_a-memset.o)
 .ARM.attributes
                0x000004f4       0x2d c:/program files (x86)/atollic/truestudio for arm 6.0.0/armtools/bin/../lib/gcc/arm-atollic-eabi/5.3.1/../../../../arm-atollic-eabi/lib/armv7-m\libc.a(lib_a-printf.o)
 .ARM.attributes
                0x00000521       0x2d c:/program files (x86)/atollic/truestudio for arm 6.0.0/armtools/bin/../lib/gcc/arm-atollic-eabi/5.3.1/../../../../arm-atollic-eabi/lib/armv7-m\libc.a(lib_a-putchar.o)
 .ARM.attributes
                0x0000054e       0x2d c:/program files (x86)/atollic/truestudio for arm 6.0.0/armtools/bin/../lib/gcc/arm-atollic-eabi/5.3.1/../../../../arm-atollic-eabi/lib/armv7-m\libc.a(lib_a-sprintf.o)
 .ARM.attributes
                0x0000057b       0x2d c:/program files (x86)/atollic/truestudio for arm 6.0.0/armtools/bin/../lib/gcc/arm-atollic-eabi/5.3.1/../../../../arm-atollic-eabi/lib/armv7-m\libc.a(lib_a-svfprintf.o)
 .ARM.attributes
                0x000005a8       0x2d c:/program files (x86)/atollic/truestudio for arm 6.0.0/armtools/bin/../lib/gcc/arm-atollic-eabi/5.3.1/../../../../arm-atollic-eabi/lib/armv7-m\libc.a(lib_a-vfprintf.o)
 .ARM.attributes
                0x000005d5       0x2d c:/program files (x86)/atollic/truestudio for arm 6.0.0/armtools/bin/../lib/gcc/arm-atollic-eabi/5.3.1/../../../../arm-atollic-eabi/lib/armv7-m\libc.a(lib_a-wsetup.o)
 .ARM.attributes
                0x00000602       0x2d c:/program files (x86)/atollic/truestudio for arm 6.0.0/armtools/bin/../lib/gcc/arm-atollic-eabi/5.3.1/../../../../arm-atollic-eabi/lib/armv7-m\libc.a(lib_a-dtoa.o)
 .ARM.attributes
                0x0000062f       0x2d c:/program files (x86)/atollic/truestudio for arm 6.0.0/armtools/bin/../lib/gcc/arm-atollic-eabi/5.3.1/../../../../arm-atollic-eabi/lib/armv7-m\libc.a(lib_a-fflush.o)
 .ARM.attributes
                0x0000065c       0x2d c:/program files (x86)/atollic/truestudio for arm 6.0.0/armtools/bin/../lib/gcc/arm-atollic-eabi/5.3.1/../../../../arm-atollic-eabi/lib/armv7-m\libc.a(lib_a-findfp.o)
 .ARM.attributes
                0x00000689       0x2d c:/program files (x86)/atollic/truestudio for arm 6.0.0/armtools/bin/../lib/gcc/arm-atollic-eabi/5.3.1/../../../../arm-atollic-eabi/lib/armv7-m\libc.a(lib_a-freer.o)
 .ARM.attributes
                0x000006b6       0x2d c:/program files (x86)/atollic/truestudio for arm 6.0.0/armtools/bin/../lib/gcc/arm-atollic-eabi/5.3.1/../../../../arm-atollic-eabi/lib/armv7-m\libc.a(lib_a-fwalk.o)
 .ARM.attributes
                0x000006e3       0x2d c:/program files (x86)/atollic/truestudio for arm 6.0.0/armtools/bin/../lib/gcc/arm-atollic-eabi/5.3.1/../../../../arm-atollic-eabi/lib/armv7-m\libc.a(lib_a-impure.o)
 .ARM.attributes
                0x00000710       0x2d c:/program files (x86)/atollic/truestudio for arm 6.0.0/armtools/bin/../lib/gcc/arm-atollic-eabi/5.3.1/../../../../arm-atollic-eabi/lib/armv7-m\libc.a(lib_a-locale.o)
 .ARM.attributes
                0x0000073d       0x2d c:/program files (x86)/atollic/truestudio for arm 6.0.0/armtools/bin/../lib/gcc/arm-atollic-eabi/5.3.1/../../../../arm-atollic-eabi/lib/armv7-m\libc.a(lib_a-makebuf.o)
 .ARM.attributes
                0x0000076a       0x2d c:/program files (x86)/atollic/truestudio for arm 6.0.0/armtools/bin/../lib/gcc/arm-atollic-eabi/5.3.1/../../../../arm-atollic-eabi/lib/armv7-m\libc.a(lib_a-malloc.o)
 .ARM.attributes
                0x00000797       0x2d c:/program files (x86)/atollic/truestudio for arm 6.0.0/armtools/bin/../lib/gcc/arm-atollic-eabi/5.3.1/../../../../arm-atollic-eabi/lib/armv7-m\libc.a(lib_a-mallocr.o)
 .ARM.attributes
                0x000007c4       0x2d c:/program files (x86)/atollic/truestudio for arm 6.0.0/armtools/bin/../lib/gcc/arm-atollic-eabi/5.3.1/../../../../arm-atollic-eabi/lib/armv7-m\libc.a(lib_a-memchr-stub.o)
 .ARM.attributes
                0x000007f1       0x2d c:/program files (x86)/atollic/truestudio for arm 6.0.0/armtools/bin/../lib/gcc/arm-atollic-eabi/5.3.1/../../../../arm-atollic-eabi/lib/armv7-m\libc.a(lib_a-memcpy-stub.o)
 .ARM.attributes
                0x0000081e       0x2d c:/program files (x86)/atollic/truestudio for arm 6.0.0/armtools/bin/../lib/gcc/arm-atollic-eabi/5.3.1/../../../../arm-atollic-eabi/lib/armv7-m\libc.a(lib_a-mlock.o)
 .ARM.attributes
                0x0000084b       0x2d c:/program files (x86)/atollic/truestudio for arm 6.0.0/armtools/bin/../lib/gcc/arm-atollic-eabi/5.3.1/../../../../arm-atollic-eabi/lib/armv7-m\libc.a(lib_a-mprec.o)
 .ARM.attributes
                0x00000878       0x2d c:/program files (x86)/atollic/truestudio for arm 6.0.0/armtools/bin/../lib/gcc/arm-atollic-eabi/5.3.1/../../../../arm-atollic-eabi/lib/armv7-m\libc.a(lib_a-putc.o)
 .ARM.attributes
                0x000008a5       0x2d c:/program files (x86)/atollic/truestudio for arm 6.0.0/armtools/bin/../lib/gcc/arm-atollic-eabi/5.3.1/../../../../arm-atollic-eabi/lib/armv7-m\libc.a(lib_a-sbrkr.o)
 .ARM.attributes
                0x000008d2       0x2d c:/program files (x86)/atollic/truestudio for arm 6.0.0/armtools/bin/../lib/gcc/arm-atollic-eabi/5.3.1/../../../../arm-atollic-eabi/lib/armv7-m\libc.a(lib_a-stdio.o)
 .ARM.attributes
                0x000008ff       0x17 c:/program files (x86)/atollic/truestudio for arm 6.0.0/armtools/bin/../lib/gcc/arm-atollic-eabi/5.3.1/../../../../arm-atollic-eabi/lib/armv7-m\libc.a(lib_a-strlen.o)
 .ARM.attributes
                0x00000916       0x2d c:/program files (x86)/atollic/truestudio for arm 6.0.0/armtools/bin/../lib/gcc/arm-atollic-eabi/5.3.1/../../../../arm-atollic-eabi/lib/armv7-m\libc.a(lib_a-svfiprintf.o)
 .ARM.attributes
                0x00000943       0x2d c:/program files (x86)/atollic/truestudio for arm 6.0.0/armtools/bin/../lib/gcc/arm-atollic-eabi/5.3.1/../../../../arm-atollic-eabi/lib/armv7-m\libc.a(lib_a-vfiprintf.o)
 .ARM.attributes
                0x00000970       0x2d c:/program files (x86)/atollic/truestudio for arm 6.0.0/armtools/bin/../lib/gcc/arm-atollic-eabi/5.3.1/../../../../arm-atollic-eabi/lib/armv7-m\libc.a(lib_a-wbuf.o)
 .ARM.attributes
                0x0000099d       0x2d c:/program files (x86)/atollic/truestudio for arm 6.0.0/armtools/bin/../lib/gcc/arm-atollic-eabi/5.3.1/../../../../arm-atollic-eabi/lib/armv7-m\libc.a(lib_a-writer.o)
 .ARM.attributes
                0x000009ca       0x2d c:/program files (x86)/atollic/truestudio for arm 6.0.0/armtools/bin/../lib/gcc/arm-atollic-eabi/5.3.1/../../../../arm-atollic-eabi/lib/armv7-m\libc.a(lib_a-callocr.o)
 .ARM.attributes
                0x000009f7       0x2d c:/program files (x86)/atollic/truestudio for arm 6.0.0/armtools/bin/../lib/gcc/arm-atollic-eabi/5.3.1/../../../../arm-atollic-eabi/lib/armv7-m\libc.a(lib_a-closer.o)
 .ARM.attributes
                0x00000a24       0x2d c:/program files (x86)/atollic/truestudio for arm 6.0.0/armtools/bin/../lib/gcc/arm-atollic-eabi/5.3.1/../../../../arm-atollic-eabi/lib/armv7-m\libc.a(lib_a-fclose.o)
 .ARM.attributes
                0x00000a51       0x2d c:/program files (x86)/atollic/truestudio for arm 6.0.0/armtools/bin/../lib/gcc/arm-atollic-eabi/5.3.1/../../../../arm-atollic-eabi/lib/armv7-m\libc.a(lib_a-fputwc.o)
 .ARM.attributes
                0x00000a7e       0x2d c:/program files (x86)/atollic/truestudio for arm 6.0.0/armtools/bin/../lib/gcc/arm-atollic-eabi/5.3.1/../../../../arm-atollic-eabi/lib/armv7-m\libc.a(lib_a-fstatr.o)
 .ARM.attributes
                0x00000aab       0x2d c:/program files (x86)/atollic/truestudio for arm 6.0.0/armtools/bin/../lib/gcc/arm-atollic-eabi/5.3.1/../../../../arm-atollic-eabi/lib/armv7-m\libc.a(lib_a-fvwrite.o)
 .ARM.attributes
                0x00000ad8       0x2d c:/program files (x86)/atollic/truestudio for arm 6.0.0/armtools/bin/../lib/gcc/arm-atollic-eabi/5.3.1/../../../../arm-atollic-eabi/lib/armv7-m\libc.a(lib_a-isattyr.o)
 .ARM.attributes
                0x00000b05       0x2d c:/program files (x86)/atollic/truestudio for arm 6.0.0/armtools/bin/../lib/gcc/arm-atollic-eabi/5.3.1/../../../../arm-atollic-eabi/lib/armv7-m\libc.a(lib_a-lseekr.o)
 .ARM.attributes
                0x00000b32       0x2d c:/program files (x86)/atollic/truestudio for arm 6.0.0/armtools/bin/../lib/gcc/arm-atollic-eabi/5.3.1/../../../../arm-atollic-eabi/lib/armv7-m\libc.a(lib_a-memmove.o)
 .ARM.attributes
                0x00000b5f       0x2d c:/program files (x86)/atollic/truestudio for arm 6.0.0/armtools/bin/../lib/gcc/arm-atollic-eabi/5.3.1/../../../../arm-atollic-eabi/lib/armv7-m\libc.a(lib_a-readr.o)
 .ARM.attributes
                0x00000b8c       0x2d c:/program files (x86)/atollic/truestudio for arm 6.0.0/armtools/bin/../lib/gcc/arm-atollic-eabi/5.3.1/../../../../arm-atollic-eabi/lib/armv7-m\libc.a(lib_a-reallocr.o)
 .ARM.attributes
                0x00000bb9       0x2d c:/program files (x86)/atollic/truestudio for arm 6.0.0/armtools/bin/../lib/gcc/arm-atollic-eabi/5.3.1/../../../../arm-atollic-eabi/lib/armv7-m\libc.a(lib_a-reent.o)
 .ARM.attributes
                0x00000be6       0x2d c:/program files (x86)/atollic/truestudio for arm 6.0.0/armtools/bin/../lib/gcc/arm-atollic-eabi/5.3.1/../../../../arm-atollic-eabi/lib/armv7-m\libc.a(lib_a-wcrtomb.o)
 .ARM.attributes
                0x00000c13       0x2d c:/program files (x86)/atollic/truestudio for arm 6.0.0/armtools/bin/../lib/gcc/arm-atollic-eabi/5.3.1/../../../../arm-atollic-eabi/lib/armv7-m\libc.a(lib_a-wctomb_r.o)
 .ARM.attributes
                0x00000c40       0x1d c:/program files (x86)/atollic/truestudio for arm 6.0.0/armtools/bin/../lib/gcc/arm-atollic-eabi/5.3.1/armv7-m\libgcc.a(_arm_addsubdf3.o)
 .ARM.attributes
                0x00000c5d       0x1d c:/program files (x86)/atollic/truestudio for arm 6.0.0/armtools/bin/../lib/gcc/arm-atollic-eabi/5.3.1/armv7-m\libgcc.a(_arm_muldivdf3.o)
 .ARM.attributes
                0x00000c7a       0x1d c:/program files (x86)/atollic/truestudio for arm 6.0.0/armtools/bin/../lib/gcc/arm-atollic-eabi/5.3.1/armv7-m\libgcc.a(_arm_cmpdf2.o)
 .ARM.attributes
                0x00000c97       0x1d c:/program files (x86)/atollic/truestudio for arm 6.0.0/armtools/bin/../lib/gcc/arm-atollic-eabi/5.3.1/armv7-m\libgcc.a(_arm_unorddf2.o)
 .ARM.attributes
                0x00000cb4       0x1d c:/program files (x86)/atollic/truestudio for arm 6.0.0/armtools/bin/../lib/gcc/arm-atollic-eabi/5.3.1/armv7-m\libgcc.a(_arm_fixdfsi.o)
 .ARM.attributes
                0x00000cd1       0x1d c:/program files (x86)/atollic/truestudio for arm 6.0.0/armtools/bin/../lib/gcc/arm-atollic-eabi/5.3.1/armv7-m\libgcc.a(_aeabi_uldivmod.o)
 .ARM.attributes
                0x00000cee       0x2d c:/program files (x86)/atollic/truestudio for arm 6.0.0/armtools/bin/../lib/gcc/arm-atollic-eabi/5.3.1/armv7-m\libgcc.a(_udivmoddi4.o)
 .ARM.attributes
                0x00000d1b       0x1d c:/program files (x86)/atollic/truestudio for arm 6.0.0/armtools/bin/../lib/gcc/arm-atollic-eabi/5.3.1/armv7-m\libgcc.a(_dvmd_tls.o)
 .ARM.attributes
                0x00000d38       0x2d c:/program files (x86)/atollic/truestudio for arm 6.0.0/armtools/bin/../lib/gcc/arm-atollic-eabi/5.3.1/../../../../arm-atollic-eabi/lib/armv7-m\libnosys.a(close.o)
 .ARM.attributes
                0x00000d65       0x2d c:/program files (x86)/atollic/truestudio for arm 6.0.0/armtools/bin/../lib/gcc/arm-atollic-eabi/5.3.1/../../../../arm-atollic-eabi/lib/armv7-m\libnosys.a(fstat.o)
 .ARM.attributes
                0x00000d92       0x2d c:/program files (x86)/atollic/truestudio for arm 6.0.0/armtools/bin/../lib/gcc/arm-atollic-eabi/5.3.1/../../../../arm-atollic-eabi/lib/armv7-m\libnosys.a(isatty.o)
 .ARM.attributes
                0x00000dbf       0x2d c:/program files (x86)/atollic/truestudio for arm 6.0.0/armtools/bin/../lib/gcc/arm-atollic-eabi/5.3.1/../../../../arm-atollic-eabi/lib/armv7-m\libnosys.a(lseek.o)
 .ARM.attributes
                0x00000dec       0x2d c:/program files (x86)/atollic/truestudio for arm 6.0.0/armtools/bin/../lib/gcc/arm-atollic-eabi/5.3.1/../../../../arm-atollic-eabi/lib/armv7-m\libnosys.a(read.o)
 .ARM.attributes
                0x00000e19       0x2d c:/program files (x86)/atollic/truestudio for arm 6.0.0/armtools/bin/../lib/gcc/arm-atollic-eabi/5.3.1/../../../../arm-atollic-eabi/lib/armv7-m\libnosys.a(sbrk.o)
 .ARM.attributes
                0x00000e46       0x2d c:/program files (x86)/atollic/truestudio for arm 6.0.0/armtools/bin/../lib/gcc/arm-atollic-eabi/5.3.1/../../../../arm-atollic-eabi/lib/armv7-m\libnosys.a(write.o)
 .ARM.attributes
                0x00000e73       0x1d c:/program files (x86)/atollic/truestudio for arm 6.0.0/armtools/bin/../lib/gcc/arm-atollic-eabi/5.3.1/armv7-m/crtn.o
OUTPUT(STM32-COMPOSITE.elf elf32-littlearm)

.debug_line     0x00000000     0x51ab
 .debug_line    0x00000000       0xac Drivers\CMSIS\Device\ST\STM32F1xx\Source\Templates\gcc\startup_stm32f103xe.o
 .debug_line    0x000000ac      0x1ff Drivers\CMSIS\Device\ST\STM32F1xx\Source\Templates\system_stm32f1xx.o
 .debug_line    0x000002ab      0x375 Drivers\STM32F1xx_HAL_Driver\Src\stm32f1xx_hal.o
 .debug_line    0x00000620      0x37a Drivers\STM32F1xx_HAL_Driver\Src\stm32f1xx_hal_cortex.o
 .debug_line    0x0000099a      0x3b0 Drivers\STM32F1xx_HAL_Driver\Src\stm32f1xx_hal_gpio.o
 .debug_line    0x00000d4a      0x64d Drivers\STM32F1xx_HAL_Driver\Src\stm32f1xx_hal_pcd.o
 .debug_line    0x00001397      0x237 Drivers\STM32F1xx_HAL_Driver\Src\stm32f1xx_hal_pcd_ex.o
 .debug_line    0x000015ce      0x79c Drivers\STM32F1xx_HAL_Driver\Src\stm32f1xx_hal_rcc.o
 .debug_line    0x00001d6a      0x383 Drivers\STM32F1xx_HAL_Driver\Src\stm32f1xx_hal_rcc_ex.o
 .debug_line    0x000020ed      0x98c Drivers\STM32F1xx_HAL_Driver\Src\stm32f1xx_hal_uart.o
 .debug_line    0x00002a79      0x50e Drivers\STM32F1xx_HAL_Driver\Src\stm32f1xx_ll_usb.o
 .debug_line    0x00002f87      0x43c Middlewares\ST\STM32_USB_Device_Library\Class\HID\Src\usbd_hid_cdc.o
 .debug_line    0x000033c3      0x407 Middlewares\ST\STM32_USB_Device_Library\Core\Src\usbd_core.o
 .debug_line    0x000037ca      0x2e1 Middlewares\ST\STM32_USB_Device_Library\Core\Src\usbd_ctlreq.o
 .debug_line    0x00003aab      0x242 Middlewares\ST\STM32_USB_Device_Library\Core\Src\usbd_ioreq.o
 .debug_line    0x00003ced      0x3cd Src\main.o
 .debug_line    0x000040ba      0x28b Src\stm32f1xx_hal_msp.o
 .debug_line    0x00004345      0x2c6 Src\stm32f1xx_it.o
 .debug_line    0x0000460b      0x214 Src\usb_device.o
 .debug_line    0x0000481f      0x2b0 Src\usbd_cdc_if.o
 .debug_line    0x00004acf      0x4d0 Src\usbd_conf.o
 .debug_line    0x00004f9f      0x20c Src\usbd_desc.o

.debug_info     0x00000000     0xe918
 .debug_info    0x00000000       0xaa Drivers\CMSIS\Device\ST\STM32F1xx\Source\Templates\gcc\startup_stm32f103xe.o
 .debug_info    0x000000aa      0x3e7 Drivers\CMSIS\Device\ST\STM32F1xx\Source\Templates\system_stm32f1xx.o
 .debug_info    0x00000491      0x6ec Drivers\STM32F1xx_HAL_Driver\Src\stm32f1xx_hal.o
 .debug_info    0x00000b7d      0xc87 Drivers\STM32F1xx_HAL_Driver\Src\stm32f1xx_hal_cortex.o
 .debug_info    0x00001804      0x60b Drivers\STM32F1xx_HAL_Driver\Src\stm32f1xx_hal_gpio.o
 .debug_info    0x00001e0f      0xfd9 Drivers\STM32F1xx_HAL_Driver\Src\stm32f1xx_hal_pcd.o
 .debug_info    0x00002de8      0x5a5 Drivers\STM32F1xx_HAL_Driver\Src\stm32f1xx_hal_pcd_ex.o
 .debug_info    0x0000338d     0x1240 Drivers\STM32F1xx_HAL_Driver\Src\stm32f1xx_hal_rcc.o
 .debug_info    0x000045cd      0x5a6 Drivers\STM32F1xx_HAL_Driver\Src\stm32f1xx_hal_rcc_ex.o
 .debug_info    0x00004b73      0xfff Drivers\STM32F1xx_HAL_Driver\Src\stm32f1xx_hal_uart.o
 .debug_info    0x00005b72      0xd66 Drivers\STM32F1xx_HAL_Driver\Src\stm32f1xx_ll_usb.o
 .debug_info    0x000068d8      0xe9c Middlewares\ST\STM32_USB_Device_Library\Class\HID\Src\usbd_hid_cdc.o
 .debug_info    0x00007774      0xc73 Middlewares\ST\STM32_USB_Device_Library\Core\Src\usbd_core.o
 .debug_info    0x000083e7      0xc08 Middlewares\ST\STM32_USB_Device_Library\Core\Src\usbd_ctlreq.o
 .debug_info    0x00008fef      0x78c Middlewares\ST\STM32_USB_Device_Library\Core\Src\usbd_ioreq.o
 .debug_info    0x0000977b     0x125f Src\main.o
 .debug_info    0x0000a9da      0xa52 Src\stm32f1xx_hal_msp.o
 .debug_info    0x0000b42c      0x950 Src\stm32f1xx_it.o
 .debug_info    0x0000bd7c      0x640 Src\usb_device.o
 .debug_info    0x0000c3bc      0x975 Src\usbd_cdc_if.o
 .debug_info    0x0000cd31     0x16fc Src\usbd_conf.o
 .debug_info    0x0000e42d      0x4eb Src\usbd_desc.o

.debug_abbrev   0x00000000     0x2d84
 .debug_abbrev  0x00000000       0x12 Drivers\CMSIS\Device\ST\STM32F1xx\Source\Templates\gcc\startup_stm32f103xe.o
 .debug_abbrev  0x00000012      0x122 Drivers\CMSIS\Device\ST\STM32F1xx\Source\Templates\system_stm32f1xx.o
 .debug_abbrev  0x00000134      0x22e Drivers\STM32F1xx_HAL_Driver\Src\stm32f1xx_hal.o
 .debug_abbrev  0x00000362      0x2ee Drivers\STM32F1xx_HAL_Driver\Src\stm32f1xx_hal_cortex.o
 .debug_abbrev  0x00000650      0x1c8 Drivers\STM32F1xx_HAL_Driver\Src\stm32f1xx_hal_gpio.o
 .debug_abbrev  0x00000818      0x306 Drivers\STM32F1xx_HAL_Driver\Src\stm32f1xx_hal_pcd.o
 .debug_abbrev  0x00000b1e      0x16b Drivers\STM32F1xx_HAL_Driver\Src\stm32f1xx_hal_pcd_ex.o
 .debug_abbrev  0x00000c89      0x2bf Drivers\STM32F1xx_HAL_Driver\Src\stm32f1xx_hal_rcc.o
 .debug_abbrev  0x00000f48      0x238 Drivers\STM32F1xx_HAL_Driver\Src\stm32f1xx_hal_rcc_ex.o
 .debug_abbrev  0x00001180      0x2c5 Drivers\STM32F1xx_HAL_Driver\Src\stm32f1xx_hal_uart.o